Archive member included to satisfy reference by file (symbol)

D:/Software/ST_CubeIDE/STM32CubeIDE_1.15.0/STM32CubeIDE/plugins/com.st.stm32cube.ide.mcu.externaltools.gnu-tools-for-stm32.12.3.rel1.win32_1.0.100.202403111256/tools/bin/../lib/gcc/arm-none-eabi/12.3.1/../../../../arm-none-eabi/lib/thumb/v7e-m+dp/hard\libc_nano.a(libc_a-exit.o)
                              D:/Software/ST_CubeIDE/STM32CubeIDE_1.15.0/STM32CubeIDE/plugins/com.st.stm32cube.ide.mcu.externaltools.gnu-tools-for-stm32.12.3.rel1.win32_1.0.100.202403111256/tools/bin/../lib/gcc/arm-none-eabi/12.3.1/../../../../arm-none-eabi/lib/thumb/v7e-m+dp/hard/crt0.o (exit)
D:/Software/ST_CubeIDE/STM32CubeIDE_1.15.0/STM32CubeIDE/plugins/com.st.stm32cube.ide.mcu.externaltools.gnu-tools-for-stm32.12.3.rel1.win32_1.0.100.202403111256/tools/bin/../lib/gcc/arm-none-eabi/12.3.1/../../../../arm-none-eabi/lib/thumb/v7e-m+dp/hard\libc_nano.a(libc_a-findfp.o)
                              D:/Software/ST_CubeIDE/STM32CubeIDE_1.15.0/STM32CubeIDE/plugins/com.st.stm32cube.ide.mcu.externaltools.gnu-tools-for-stm32.12.3.rel1.win32_1.0.100.202403111256/tools/bin/../lib/gcc/arm-none-eabi/12.3.1/../../../../arm-none-eabi/lib/thumb/v7e-m+dp/hard\libc_nano.a(libc_a-exit.o) (__stdio_exit_handler)
D:/Software/ST_CubeIDE/STM32CubeIDE_1.15.0/STM32CubeIDE/plugins/com.st.stm32cube.ide.mcu.externaltools.gnu-tools-for-stm32.12.3.rel1.win32_1.0.100.202403111256/tools/bin/../lib/gcc/arm-none-eabi/12.3.1/../../../../arm-none-eabi/lib/thumb/v7e-m+dp/hard\libc_nano.a(libc_a-fwalk.o)
                              D:/Software/ST_CubeIDE/STM32CubeIDE_1.15.0/STM32CubeIDE/plugins/com.st.stm32cube.ide.mcu.externaltools.gnu-tools-for-stm32.12.3.rel1.win32_1.0.100.202403111256/tools/bin/../lib/gcc/arm-none-eabi/12.3.1/../../../../arm-none-eabi/lib/thumb/v7e-m+dp/hard\libc_nano.a(libc_a-findfp.o) (_fwalk_sglue)
D:/Software/ST_CubeIDE/STM32CubeIDE_1.15.0/STM32CubeIDE/plugins/com.st.stm32cube.ide.mcu.externaltools.gnu-tools-for-stm32.12.3.rel1.win32_1.0.100.202403111256/tools/bin/../lib/gcc/arm-none-eabi/12.3.1/../../../../arm-none-eabi/lib/thumb/v7e-m+dp/hard\libc_nano.a(libc_a-stdio.o)
                              D:/Software/ST_CubeIDE/STM32CubeIDE_1.15.0/STM32CubeIDE/plugins/com.st.stm32cube.ide.mcu.externaltools.gnu-tools-for-stm32.12.3.rel1.win32_1.0.100.202403111256/tools/bin/../lib/gcc/arm-none-eabi/12.3.1/../../../../arm-none-eabi/lib/thumb/v7e-m+dp/hard\libc_nano.a(libc_a-findfp.o) (__sread)
D:/Software/ST_CubeIDE/STM32CubeIDE_1.15.0/STM32CubeIDE/plugins/com.st.stm32cube.ide.mcu.externaltools.gnu-tools-for-stm32.12.3.rel1.win32_1.0.100.202403111256/tools/bin/../lib/gcc/arm-none-eabi/12.3.1/../../../../arm-none-eabi/lib/thumb/v7e-m+dp/hard\libc_nano.a(libc_a-memset.o)
                              D:/Software/ST_CubeIDE/STM32CubeIDE_1.15.0/STM32CubeIDE/plugins/com.st.stm32cube.ide.mcu.externaltools.gnu-tools-for-stm32.12.3.rel1.win32_1.0.100.202403111256/tools/bin/../lib/gcc/arm-none-eabi/12.3.1/../../../../arm-none-eabi/lib/thumb/v7e-m+dp/hard/crt0.o (memset)
D:/Software/ST_CubeIDE/STM32CubeIDE_1.15.0/STM32CubeIDE/plugins/com.st.stm32cube.ide.mcu.externaltools.gnu-tools-for-stm32.12.3.rel1.win32_1.0.100.202403111256/tools/bin/../lib/gcc/arm-none-eabi/12.3.1/../../../../arm-none-eabi/lib/thumb/v7e-m+dp/hard\libc_nano.a(libc_a-closer.o)
                              D:/Software/ST_CubeIDE/STM32CubeIDE_1.15.0/STM32CubeIDE/plugins/com.st.stm32cube.ide.mcu.externaltools.gnu-tools-for-stm32.12.3.rel1.win32_1.0.100.202403111256/tools/bin/../lib/gcc/arm-none-eabi/12.3.1/../../../../arm-none-eabi/lib/thumb/v7e-m+dp/hard\libc_nano.a(libc_a-stdio.o) (_close_r)
D:/Software/ST_CubeIDE/STM32CubeIDE_1.15.0/STM32CubeIDE/plugins/com.st.stm32cube.ide.mcu.externaltools.gnu-tools-for-stm32.12.3.rel1.win32_1.0.100.202403111256/tools/bin/../lib/gcc/arm-none-eabi/12.3.1/../../../../arm-none-eabi/lib/thumb/v7e-m+dp/hard\libc_nano.a(libc_a-reent.o)
                              D:/Software/ST_CubeIDE/STM32CubeIDE_1.15.0/STM32CubeIDE/plugins/com.st.stm32cube.ide.mcu.externaltools.gnu-tools-for-stm32.12.3.rel1.win32_1.0.100.202403111256/tools/bin/../lib/gcc/arm-none-eabi/12.3.1/../../../../arm-none-eabi/lib/thumb/v7e-m+dp/hard\libc_nano.a(libc_a-closer.o) (errno)
D:/Software/ST_CubeIDE/STM32CubeIDE_1.15.0/STM32CubeIDE/plugins/com.st.stm32cube.ide.mcu.externaltools.gnu-tools-for-stm32.12.3.rel1.win32_1.0.100.202403111256/tools/bin/../lib/gcc/arm-none-eabi/12.3.1/../../../../arm-none-eabi/lib/thumb/v7e-m+dp/hard\libc_nano.a(libc_a-impure.o)
                              D:/Software/ST_CubeIDE/STM32CubeIDE_1.15.0/STM32CubeIDE/plugins/com.st.stm32cube.ide.mcu.externaltools.gnu-tools-for-stm32.12.3.rel1.win32_1.0.100.202403111256/tools/bin/../lib/gcc/arm-none-eabi/12.3.1/../../../../arm-none-eabi/lib/thumb/v7e-m+dp/hard\libc_nano.a(libc_a-reent.o) (_impure_ptr)
[...]
Memory Configuration

Name             Origin             Length             Attributes
FLASH            0x08000000         0x00020000         xr
DTCMRAM          0x20000000         0x00020000         xrw
RAM_D1           0x24000000         0x00080000         xrw
RAM_D2           0x30000000         0x00048000         xrw
RAM_D3           0x38000000         0x00010000         xrw
ITCMRAM          0x00000000         0x00010000         xrw
*default*        0x00000000         0xffffffff

Linker script and memory map

LOAD D:/Software/ST_CubeIDE/STM32CubeIDE_1.15.0/STM32CubeIDE/plugins/com.st.stm32cube.ide.mcu.externaltools.gnu-tools-for-stm32.12.3.rel1.win32_1.0.100.202403111256/tools/bin/../lib/gcc/arm-none-eabi/12.3.1/thumb/v7e-m+dp/hard/crti.o
LOAD D:/Software/ST_CubeIDE/STM32CubeIDE_1.15.0/STM32CubeIDE/plugins/com.st.stm32cube.ide.mcu.externaltools.gnu-tools-for-stm32.12.3.rel1.win32_1.0.100.202403111256/tools/bin/../lib/gcc/arm-none-eabi/12.3.1/thumb/v7e-m+dp/hard/crtbegin.o
LOAD D:/Software/ST_CubeIDE/STM32CubeIDE_1.15.0/STM32CubeIDE/plugins/com.st.stm32cube.ide.mcu.externaltools.gnu-tools-for-stm32.12.3.rel1.win32_1.0.100.202403111256/tools/bin/../lib/gcc/arm-none-eabi/12.3.1/../../../../arm-none-eabi/lib/thumb/v7e-m+dp/hard/crt0.o
LOAD ./Core/Src/B3_Voice.o
LOAD ./Core/Src/main.o
LOAD ./Core/Src/midi.o
LOAD ./Core/Src/stm32h7xx_hal_msp.o
LOAD ./Core/Src/stm32h7xx_it.o
LOAD ./Core/Src/syscalls.o
LOAD ./Core/Src/sysmem.o
LOAD ./Core/Src/system_stm32h7xx.o
LOAD ./Core/Src/tracks.o
LOAD ./Core/Startup/startup_stm32h750vbtx.o
LOAD ./Drivers/STM32H7xx_HAL_Driver/Src/stm32h7xx_hal.o
LOAD ./Drivers/STM32H7xx_HAL_Driver/Src/stm32h7xx_hal_adc.o
LOAD ./Drivers/STM32H7xx_HAL_Driver/Src/stm32h7xx_hal_adc_ex.o
LOAD ./Drivers/STM32H7xx_HAL_Driver/Src/stm32h7xx_hal_cortex.o
LOAD ./Drivers/STM32H7xx_HAL_Driver/Src/stm32h7xx_hal_dac.o
LOAD ./Drivers/STM32H7xx_HAL_Driver/Src/stm32h7xx_hal_dac_ex.o
LOAD ./Drivers/STM32H7xx_HAL_Driver/Src/stm32h7xx_hal_dma.o
LOAD ./Drivers/STM32H7xx_HAL_Driver/Src/stm32h7xx_hal_dma_ex.o
LOAD ./Drivers/STM32H7xx_HAL_Driver/Src/stm32h7xx_hal_exti.o
LOAD ./Drivers/STM32H7xx_HAL_Driver/Src/stm32h7xx_hal_flash.o
LOAD ./Drivers/STM32H7xx_HAL_Driver/Src/stm32h7xx_hal_flash_ex.o
LOAD ./Drivers/STM32H7xx_HAL_Driver/Src/stm32h7xx_hal_gpio.o
LOAD ./Drivers/STM32H7xx_HAL_Driver/Src/stm32h7xx_hal_hsem.o
LOAD ./Drivers/STM32H7xx_HAL_Driver/Src/stm32h7xx_hal_i2c.o
LOAD ./Drivers/STM32H7xx_HAL_Driver/Src/stm32h7xx_hal_i2c_ex.o
LOAD ./Drivers/STM32H7xx_HAL_Driver/Src/stm32h7xx_hal_mdma.o
LOAD ./Drivers/STM32H7xx_HAL_Driver/Src/stm32h7xx_hal_pwr.o
LOAD ./Drivers/STM32H7xx_HAL_Driver/Src/stm32h7xx_hal_pwr_ex.o
LOAD ./Drivers/STM32H7xx_HAL_Driver/Src/stm32h7xx_hal_rcc.o
LOAD ./Drivers/STM32H7xx_HAL_Driver/Src/stm32h7xx_hal_rcc_ex.o
LOAD ./Drivers/STM32H7xx_HAL_Driver/Src/stm32h7xx_hal_spi.o
LOAD ./Drivers/STM32H7xx_HAL_Driver/Src/stm32h7xx_hal_spi_ex.o
LOAD ./Drivers/STM32H7xx_HAL_Driver/Src/stm32h7xx_hal_tim.o
LOAD ./Drivers/STM32H7xx_HAL_Driver/Src/stm32h7xx_hal_tim_ex.o
LOAD ./Drivers/STM32H7xx_HAL_Driver/Src/stm32h7xx_hal_uart.o
LOAD ./Drivers/STM32H7xx_HAL_Driver/Src/stm32h7xx_hal_uart_ex.o
START GROUP
LOAD D:/Software/ST_CubeIDE/STM32CubeIDE_1.15.0/STM32CubeIDE/plugins/com.st.stm32cube.ide.mcu.externaltools.gnu-tools-for-stm32.12.3.rel1.win32_1.0.100.202403111256/tools/bin/../lib/gcc/arm-none-eabi/12.3.1/../../../../arm-none-eabi/lib/thumb/v7e-m+dp/hard\libc_nano.a
LOAD D:/Software/ST_CubeIDE/STM32CubeIDE_1.15.0/STM32CubeIDE/plugins/com.st.stm32cube.ide.mcu.externaltools.gnu-tools-for-stm32.12.3.rel1.win32_1.0.100.202403111256/tools/bin/../lib/gcc/arm-none-eabi/12.3.1/../../../../arm-none-eabi/lib/thumb/v7e-m+dp/hard\libm.a
END GROUP
START GROUP
LOAD D:/Software/ST_CubeIDE/STM32CubeIDE_1.15.0/STM32CubeIDE/plugins/com.st.stm32cube.ide.mcu.externaltools.gnu-tools-for-stm32.12.3.rel1.win32_1.0.100.202403111256/tools/bin/../lib/gcc/arm-none-eabi/12.3.1/thumb/v7e-m+dp/hard\libgcc.a
LOAD D:/Software/ST_CubeIDE/STM32CubeIDE_1.15.0/STM32CubeIDE/plugins/com.st.stm32cube.ide.mcu.externaltools.gnu-tools-for-stm32.12.3.rel1.win32_1.0.100.202403111256/tools/bin/../lib/gcc/arm-none-eabi/12.3.1/../../../../arm-none-eabi/lib/thumb/v7e-m+dp/hard\libc_nano.a
END GROUP
START GROUP
LOAD D:/Software/ST_CubeIDE/STM32CubeIDE_1.15.0/STM32CubeIDE/plugins/com.st.stm32cube.ide.mcu.externaltools.gnu-tools-for-stm32.12.3.rel1.win32_1.0.100.202403111256/tools/bin/../lib/gcc/arm-none-eabi/12.3.1/thumb/v7e-m+dp/hard\libgcc.a
LOAD D:/Software/ST_CubeIDE/STM32CubeIDE_1.15.0/STM32CubeIDE/plugins/com.st.stm32cube.ide.mcu.externaltools.gnu-tools-for-stm32.12.3.rel1.win32_1.0.100.202403111256/tools/bin/../lib/gcc/arm-none-eabi/12.3.1/../../../../arm-none-eabi/lib/thumb/v7e-m+dp/hard\libc_nano.a
LOAD D:/Software/ST_CubeIDE/STM32CubeIDE_1.15.0/STM32CubeIDE/plugins/com.st.stm32cube.ide.mcu.externaltools.gnu-tools-for-stm32.12.3.rel1.win32_1.0.100.202403111256/tools/bin/../lib/gcc/arm-none-eabi/12.3.1/../../../../arm-none-eabi/lib/thumb/v7e-m+dp/hard\libnosys.a
END GROUP
START GROUP
LOAD D:/Software/ST_CubeIDE/STM32CubeIDE_1.15.0/STM32CubeIDE/plugins/com.st.stm32cube.ide.mcu.externaltools.gnu-tools-for-stm32.12.3.rel1.win32_1.0.100.202403111256/tools/bin/../lib/gcc/arm-none-eabi/12.3.1/thumb/v7e-m+dp/hard\libgcc.a
LOAD D:/Software/ST_CubeIDE/STM32CubeIDE_1.15.0/STM32CubeIDE/plugins/com.st.stm32cube.ide.mcu.externaltools.gnu-tools-for-stm32.12.3.rel1.win32_1.0.100.202403111256/tools/bin/../lib/gcc/arm-none-eabi/12.3.1/../../../../arm-none-eabi/lib/thumb/v7e-m+dp/hard\libc_nano.a
LOAD D:/Software/ST_CubeIDE/STM32CubeIDE_1.15.0/STM32CubeIDE/plugins/com.st.stm32cube.ide.mcu.externaltools.gnu-tools-for-stm32.12.3.rel1.win32_1.0.100.202403111256/tools/bin/../lib/gcc/arm-none-eabi/12.3.1/../../../../arm-none-eabi/lib/thumb/v7e-m+dp/hard\libnosys.a
END GROUP
LOAD D:/Software/ST_CubeIDE/STM32CubeIDE_1.15.0/STM32CubeIDE/plugins/com.st.stm32cube.ide.mcu.externaltools.gnu-tools-for-stm32.12.3.rel1.win32_1.0.100.202403111256/tools/bin/../lib/gcc/arm-none-eabi/12.3.1/thumb/v7e-m+dp/hard/crtend.o
LOAD D:/Software/ST_CubeIDE/STM32CubeIDE_1.15.0/STM32CubeIDE/plugins/com.st.stm32cube.ide.mcu.externaltools.gnu-tools-for-stm32.12.3.rel1.win32_1.0.100.202403111256/tools/bin/../lib/gcc/arm-none-eabi/12.3.1/thumb/v7e-m+dp/hard/crtn.o
                0x24080000                        _estack = (ORIGIN (RAM_D1) + LENGTH (RAM_D1))
                0x00000200                        _Min_Heap_Size = 0x200
                0x00000400                        _Min_Stack_Size = 0x400

.isr_vector     0x08000000      0x298
                0x08000000                        . = ALIGN (0x4)
 *(.isr_vector)
 .isr_vector    0x08000000      0x298 ./Core/Startup/startup_stm32h750vbtx.o
                0x08000000                g_pfnVectors
                0x08000298                        . = ALIGN (0x4)

.text           0x08000298     0x9094
                0x08000298                        . = ALIGN (0x4)
 *(.text)
 .text          0x08000298       0x40 D:/Software/ST_CubeIDE/STM32CubeIDE_1.15.0/STM32CubeIDE/plugins/com.st.stm32cube.ide.mcu.externaltools.gnu-tools-for-stm32.12.3.rel1.win32_1.0.100.202403111256/tools/bin/../lib/gcc/arm-none-eabi/12.3.1/thumb/v7e-m+dp/hard/crtbegin.o
 .text          0x080002d8       0x30 D:/Software/ST_CubeIDE/STM32CubeIDE_1.15.0/STM32CubeIDE/plugins/com.st.stm32cube.ide.mcu.externaltools.gnu-tools-for-stm32.12.3.rel1.win32_1.0.100.202403111256/tools/bin/../lib/gcc/arm-none-eabi/12.3.1/thumb/v7e-m+dp/hard\libgcc.a(_aeabi_uldivmod.o)
                0x080002d8                __aeabi_uldivmod
 .text          0x08000308      0x2bc D:/Software/ST_CubeIDE/STM32CubeIDE_1.15.0/STM32CubeIDE/plugins/com.st.stm32cube.ide.mcu.externaltools.gnu-tools-for-stm32.12.3.rel1.win32_1.0.100.202403111256/tools/bin/../lib/gcc/arm-none-eabi/12.3.1/thumb/v7e-m+dp/hard\libgcc.a(_udivmoddi4.o)
                0x08000308                __udivmoddi4
 .text          0x080005c4        0x4 D:/Software/ST_CubeIDE/STM32CubeIDE_1.15.0/STM32CubeIDE/plugins/com.st.stm32cube.ide.mcu.externaltools.gnu-tools-for-stm32.12.3.rel1.win32_1.0.100.202403111256/tools/bin/../lib/gcc/arm-none-eabi/12.3.1/thumb/v7e-m+dp/hard\libgcc.a(_dvmd_tls.o)
                0x080005c4                __aeabi_idiv0
                0x080005c4                __aeabi_ldiv0
 *(.text*)
 .text.SineOsc_tick
                0x080005c8       0x24 ./Core/Src/B3_Voice.o
                0x080005c8                SineOsc_tick
 .text.SineOsc_init
                0x080005ec       0x1c ./Core/Src/B3_Voice.o
                0x080005ec                SineOsc_init
 .text.SineOsc_setFreq
                0x08000608       0x1c ./Core/Src/B3_Voice.o
                0x08000608                SineOsc_setFreq
 *fill*         0x08000624        0x4 
 .text.SineOsc9x_tick
                0x08000628      0x248 ./Core/Src/B3_Voice.o
                0x08000628                SineOsc9x_tick
 .text.SineOsc9x_init
                0x08000870      0x11c ./Core/Src/B3_Voice.o
                0x08000870                SineOsc9x_init
 .text.SineOsc9x_setFreq
                0x0800098c       0xc4 ./Core/Src/B3_Voice.o
                0x0800098c                SineOsc9x_setFreq
 .text.SineOsc9x_setVol
                0x08000a50       0x98 ./Core/Src/B3_Voice.o
                0x08000a50                SineOsc9x_setVol
 .text.Envelope_tick
                0x08000ae8      0x260 ./Core/Src/B3_Voice.o
                0x08000ae8                Envelope_tick
 .text.Envelope_init
                0x08000d48       0x20 ./Core/Src/B3_Voice.o
                0x08000d48                Envelope_init
 .text.Envelope_setSpeed
                0x08000d68       0x28 ./Core/Src/B3_Voice.o
                0x08000d68                Envelope_setSpeed
 .text.stDelay_tick
                0x08000d90      0x160 ./Core/Src/B3_Voice.o
                0x08000d90                stDelay_tick
 .text.stDelay_init
                0x08000ef0       0x2c ./Core/Src/B3_Voice.o
                0x08000ef0                stDelay_init
 .text.stDelay_timeMod
                0x08000f1c       0x28 ./Core/Src/B3_Voice.o
                0x08000f1c                stDelay_timeMod
 *fill*         0x08000f44        0x4 
 .text.DSP_tick
                0x08000f48      0x20c ./Core/Src/main.o
                0x08000f48                DSP_tick
 .text.HAL_TIM_PeriodElapsedCallback
                0x08001154        0x4 ./Core/Src/main.o
                0x08001154                HAL_TIM_PeriodElapsedCallback
 .text.HAL_DAC_ConvHalfCpltCallbackCh1
                0x08001158       0x14 ./Core/Src/main.o
                0x08001158                HAL_DAC_ConvHalfCpltCallbackCh1
 .text.HAL_DAC_ConvCpltCallbackCh1
                0x0800116c       0x14 ./Core/Src/main.o
                0x0800116c                HAL_DAC_ConvCpltCallbackCh1
 .text.HAL_ADC_ConvCpltCallback
                0x08001180       0x18 ./Core/Src/main.o
                0x08001180                HAL_ADC_ConvCpltCallback
 .text.HAL_GPIO_EXTI_Callback
                0x08001198      0x128 ./Core/Src/main.o
                0x08001198                HAL_GPIO_EXTI_Callback
 .text.updateB3Freq
                0x080012c0       0x8c ./Core/Src/main.o
                0x080012c0                updateB3Freq
 .text.HAL_UART_RxCpltCallback
                0x0800134c       0xb4 ./Core/Src/main.o
                0x0800134c                HAL_UART_RxCpltCallback
 .text.SystemClock_Config
                0x08001400      0x10c ./Core/Src/main.o
                0x08001400                SystemClock_Config
 .text.PeriphCommonClock_Config
                0x0800150c       0x2c ./Core/Src/main.o
                0x0800150c                PeriphCommonClock_Config
 .text.startup.main
                0x08001538      0x4ec ./Core/Src/main.o
                0x08001538                main
 .text.Error_Handler
                0x08001a24        0x4 ./Core/Src/main.o
                0x08001a24                Error_Handler
 .text.voicePool_noteOn
                0x08001a28      0x140 ./Core/Src/midi.o
                0x08001a28                voicePool_noteOn
 .text.voicePool_noteOff
                0x08001b68       0x90 ./Core/Src/midi.o
                0x08001b68                voicePool_noteOff
 .text.voicePool_panic
                0x08001bf8       0x24 ./Core/Src/midi.o
                0x08001bf8                voicePool_panic
 .text.midi_cc  0x08001c1c       0xdc ./Core/Src/midi.o
                0x08001c1c                midi_cc
 .text.midi_playFile_tick
                0x08001cf8      0x170 ./Core/Src/midi.o
                0x08001cf8                midi_playFile_tick
 .text.HAL_MspInit
                0x08001e68       0x24 ./Core/Src/stm32h7xx_hal_msp.o
                0x08001e68                HAL_MspInit
 *fill*         0x08001e8c        0x4 
 .text.HAL_ADC_MspInit
                0x08001e90       0x98 ./Core/Src/stm32h7xx_hal_msp.o
                0x08001e90                HAL_ADC_MspInit
 .text.HAL_DAC_MspInit
                0x08001f28      0x108 ./Core/Src/stm32h7xx_hal_msp.o
                0x08001f28                HAL_DAC_MspInit
 .text.HAL_SPI_MspInit
                0x08002030       0xd8 ./Core/Src/stm32h7xx_hal_msp.o
                0x08002030                HAL_SPI_MspInit
 .text.HAL_TIM_Base_MspInit
                0x08002108       0x70 ./Core/Src/stm32h7xx_hal_msp.o
                0x08002108                HAL_TIM_Base_MspInit
 .text.HAL_UART_MspInit
                0x08002178       0xbc ./Core/Src/stm32h7xx_hal_msp.o
                0x08002178                HAL_UART_MspInit
 .text.NMI_Handler
                0x08002234        0x4 ./Core/Src/stm32h7xx_it.o
                0x08002234                NMI_Handler
 .text.HardFault_Handler
                0x08002238        0x4 ./Core/Src/stm32h7xx_it.o
                0x08002238                HardFault_Handler
 .text.MemManage_Handler
                0x0800223c        0x4 ./Core/Src/stm32h7xx_it.o
                0x0800223c                MemManage_Handler
 .text.BusFault_Handler
                0x08002240        0x4 ./Core/Src/stm32h7xx_it.o
                0x08002240                BusFault_Handler
 .text.UsageFault_Handler
                0x08002244        0x4 ./Core/Src/stm32h7xx_it.o
                0x08002244                UsageFault_Handler
 .text.SVC_Handler
                0x08002248        0x4 ./Core/Src/stm32h7xx_it.o
                0x08002248                SVC_Handler
 .text.DebugMon_Handler
                0x0800224c        0x4 ./Core/Src/stm32h7xx_it.o
                0x0800224c                DebugMon_Handler
 .text.PendSV_Handler
                0x08002250        0x4 ./Core/Src/stm32h7xx_it.o
                0x08002250                PendSV_Handler
 .text.SysTick_Handler
                0x08002254        0x4 ./Core/Src/stm32h7xx_it.o
                0x08002254                SysTick_Handler
 .text.DMA1_Stream0_IRQHandler
                0x08002258        0xc ./Core/Src/stm32h7xx_it.o
                0x08002258                DMA1_Stream0_IRQHandler
 .text.DMA1_Stream1_IRQHandler
                0x08002264        0xc ./Core/Src/stm32h7xx_it.o
                0x08002264                DMA1_Stream1_IRQHandler
 .text.EXTI15_10_IRQHandler
                0x08002270       0x28 ./Core/Src/stm32h7xx_it.o
                0x08002270                EXTI15_10_IRQHandler
 .text.UART4_IRQHandler
                0x08002298        0xc ./Core/Src/stm32h7xx_it.o
                0x08002298                UART4_IRQHandler
 .text.TIM7_IRQHandler
                0x080022a4        0xc ./Core/Src/stm32h7xx_it.o
                0x080022a4                TIM7_IRQHandler
 .text.ADC3_IRQHandler
                0x080022b0        0xc ./Core/Src/stm32h7xx_it.o
                0x080022b0                ADC3_IRQHandler
 .text.SystemInit
                0x080022bc       0xcc ./Core/Src/system_stm32h7xx.o
                0x080022bc                SystemInit
 .text.Reset_Handler
                0x08002388       0x50 ./Core/Startup/startup_stm32h750vbtx.o
                0x08002388                Reset_Handler
 .text.Default_Handler
                0x080023d8        0x2 ./Core/Startup/startup_stm32h750vbtx.o
                0x080023d8                RTC_Alarm_IRQHandler
                0x080023d8                HASH_RNG_IRQHandler
                0x080023d8                EXTI2_IRQHandler
                0x080023d8                TIM8_CC_IRQHandler
                0x080023d8                HRTIM1_Master_IRQHandler
                0x080023d8                UART8_IRQHandler
                0x080023d8                SPI4_IRQHandler
                0x080023d8                TIM1_CC_IRQHandler
                0x080023d8                BDMA_Channel6_IRQHandler
                0x080023d8                DMA2_Stream5_IRQHandler
                0x080023d8                HRTIM1_FLT_IRQHandler
                0x080023d8                JPEG_IRQHandler
                0x080023d8                DMA1_Stream5_IRQHandler
                0x080023d8                BDMA_Channel1_IRQHandler
                0x080023d8                HRTIM1_TIMD_IRQHandler
                0x080023d8                TAMP_STAMP_IRQHandler
                0x080023d8                EXTI3_IRQHandler
                0x080023d8                LPTIM4_IRQHandler
                0x080023d8                TIM8_TRG_COM_TIM14_IRQHandler
                0x080023d8                LPTIM2_IRQHandler
                0x080023d8                DFSDM1_FLT1_IRQHandler
                0x080023d8                DMAMUX2_OVR_IRQHandler
                0x080023d8                TIM8_UP_TIM13_IRQHandler
                0x080023d8                I2C3_ER_IRQHandler
                0x080023d8                DFSDM1_FLT2_IRQHandler
                0x080023d8                MDMA_IRQHandler
                0x080023d8                LPTIM3_IRQHandler
                0x080023d8                HSEM1_IRQHandler
                0x080023d8                EXTI0_IRQHandler
                0x080023d8                I2C2_EV_IRQHandler
                0x080023d8                DMA1_Stream2_IRQHandler
                0x080023d8                FPU_IRQHandler
                0x080023d8                OTG_HS_WKUP_IRQHandler
                0x080023d8                FDCAN1_IT1_IRQHandler
                0x080023d8                LTDC_ER_IRQHandler
                0x080023d8                DMA2_Stream2_IRQHandler
                0x080023d8                HRTIM1_TIME_IRQHandler
                0x080023d8                SPI1_IRQHandler
                0x080023d8                TIM6_DAC_IRQHandler
                0x080023d8                DCMI_IRQHandler
                0x080023d8                HRTIM1_TIMC_IRQHandler
                0x080023d8                DMA2_Stream3_IRQHandler
                0x080023d8                SAI2_IRQHandler
                0x080023d8                DFSDM1_FLT3_IRQHandler
                0x080023d8                USART6_IRQHandler
                0x080023d8                TIM17_IRQHandler
                0x080023d8                USART3_IRQHandler
                0x080023d8                BDMA_Channel7_IRQHandler
                0x080023d8                CRYP_IRQHandler
                0x080023d8                LPTIM5_IRQHandler
                0x080023d8                UART5_IRQHandler
                0x080023d8                DMA2_Stream0_IRQHandler
                0x080023d8                TIM4_IRQHandler
                0x080023d8                BDMA_Channel2_IRQHandler
                0x080023d8                QUADSPI_IRQHandler
                0x080023d8                I2C1_EV_IRQHandler
                0x080023d8                DMA1_Stream6_IRQHandler
                0x080023d8                DMAMUX1_OVR_IRQHandler
                0x080023d8                TIM16_IRQHandler
                0x080023d8                BDMA_Channel5_IRQHandler
                0x080023d8                TIM3_IRQHandler
                0x080023d8                RCC_IRQHandler
                0x080023d8                TIM8_BRK_TIM12_IRQHandler
                0x080023d8                TIM1_TRG_COM_IRQHandler
                0x080023d8                Default_Handler
                0x080023d8                ECC_IRQHandler
                0x080023d8                CEC_IRQHandler
                0x080023d8                BDMA_Channel0_IRQHandler
                0x080023d8                ADC_IRQHandler
                0x080023d8                DMA1_Stream7_IRQHandler
                0x080023d8                HRTIM1_TIMA_IRQHandler
                0x080023d8                SPI5_IRQHandler
                0x080023d8                SDMMC1_IRQHandler
                0x080023d8                TIM5_IRQHandler
                0x080023d8                DMA2_Stream7_IRQHandler
                0x080023d8                TIM15_IRQHandler
                0x080023d8                PVD_AVD_IRQHandler
                0x080023d8                I2C3_EV_IRQHandler
                0x080023d8                EXTI9_5_IRQHandler
                0x080023d8                RTC_WKUP_IRQHandler
                0x080023d8                LTDC_IRQHandler
                0x080023d8                SAI3_IRQHandler
                0x080023d8                ETH_WKUP_IRQHandler
                0x080023d8                SPDIF_RX_IRQHandler
                0x080023d8                SPI2_IRQHandler
                0x080023d8                OTG_HS_EP1_IN_IRQHandler
                0x080023d8                CRS_IRQHandler
                0x080023d8                EXTI4_IRQHandler
                0x080023d8                HRTIM1_TIMB_IRQHandler
                0x080023d8                FDCAN2_IT1_IRQHandler
                0x080023d8                ETH_IRQHandler
                0x080023d8                TIM1_UP_IRQHandler
                0x080023d8                BDMA_Channel4_IRQHandler
                0x080023d8                OTG_HS_EP1_OUT_IRQHandler
                0x080023d8                WWDG_IRQHandler
                0x080023d8                SPI6_IRQHandler
                0x080023d8                MDIOS_IRQHandler
                0x080023d8                I2C4_EV_IRQHandler
                0x080023d8                FDCAN2_IT0_IRQHandler
                0x080023d8                LPUART1_IRQHandler
                0x080023d8                FDCAN1_IT0_IRQHandler
                0x080023d8                TIM2_IRQHandler
                0x080023d8                OTG_FS_WKUP_IRQHandler
                0x080023d8                OTG_HS_IRQHandler
                0x080023d8                DMA2D_IRQHandler
                0x080023d8                TIM1_BRK_IRQHandler
                0x080023d8                EXTI1_IRQHandler
                0x080023d8                SDMMC2_IRQHandler
                0x080023d8                OTG_FS_EP1_OUT_IRQHandler
                0x080023d8                BDMA_Channel3_IRQHandler
                0x080023d8                UART7_IRQHandler
                0x080023d8                MDIOS_WKUP_IRQHandler
                0x080023d8                USART2_IRQHandler
                0x080023d8                DFSDM1_FLT0_IRQHandler
                0x080023d8                SAI4_IRQHandler
                0x080023d8                I2C2_ER_IRQHandler
                0x080023d8                DMA2_Stream1_IRQHandler
                0x080023d8                FLASH_IRQHandler
                0x080023d8                DMA2_Stream4_IRQHandler
                0x080023d8                USART1_IRQHandler
                0x080023d8                OTG_FS_IRQHandler
                0x080023d8                SPI3_IRQHandler
                0x080023d8                WAKEUP_PIN_IRQHandler
                0x080023d8                DMA1_Stream4_IRQHandler
                0x080023d8                OTG_FS_EP1_IN_IRQHandler
                0x080023d8                I2C1_ER_IRQHandler
                0x080023d8                FMC_IRQHandler
                0x080023d8                FDCAN_CAL_IRQHandler
                0x080023d8                SWPMI1_IRQHandler
                0x080023d8                COMP1_IRQHandler
                0x080023d8                LPTIM1_IRQHandler
                0x080023d8                I2C4_ER_IRQHandler
                0x080023d8                DMA2_Stream6_IRQHandler
                0x080023d8                SAI1_IRQHandler
                0x080023d8                DMA1_Stream3_IRQHandler
 *fill*         0x080023da        0x2 
 .text.HAL_InitTick
                0x080023dc       0x4c ./Drivers/STM32H7xx_HAL_Driver/Src/stm32h7xx_hal.o
                0x080023dc                HAL_InitTick
 .text.HAL_Init
                0x08002428       0x60 ./Drivers/STM32H7xx_HAL_Driver/Src/stm32h7xx_hal.o
                0x08002428                HAL_Init
 .text.HAL_IncTick
                0x08002488       0x18 ./Drivers/STM32H7xx_HAL_Driver/Src/stm32h7xx_hal.o
                0x08002488                HAL_IncTick
 .text.HAL_GetTick
                0x080024a0        0xc ./Drivers/STM32H7xx_HAL_Driver/Src/stm32h7xx_hal.o
                0x080024a0                HAL_GetTick
 .text.HAL_Delay
                0x080024ac       0x24 ./Drivers/STM32H7xx_HAL_Driver/Src/stm32h7xx_hal.o
                0x080024ac                HAL_Delay
 .text.HAL_GetREVID
                0x080024d0        0xc ./Drivers/STM32H7xx_HAL_Driver/Src/stm32h7xx_hal.o
                0x080024d0                HAL_GetREVID
 .text.HAL_SYSCFG_AnalogSwitchConfig
                0x080024dc       0x14 ./Drivers/STM32H7xx_HAL_Driver/Src/stm32h7xx_hal.o
                0x080024dc                HAL_SYSCFG_AnalogSwitchConfig
 .text.HAL_ADC_GetValue
                0x080024f0        0x8 ./Drivers/STM32H7xx_HAL_Driver/Src/stm32h7xx_hal_adc.o
                0x080024f0                HAL_ADC_GetValue
 .text.HAL_ADC_LevelOutOfWindowCallback
                0x080024f8        0x4 ./Drivers/STM32H7xx_HAL_Driver/Src/stm32h7xx_hal_adc.o
                0x080024f8                HAL_ADC_LevelOutOfWindowCallback
 .text.HAL_ADC_ErrorCallback
                0x080024fc        0x4 ./Drivers/STM32H7xx_HAL_Driver/Src/stm32h7xx_hal_adc.o
                0x080024fc                HAL_ADC_ErrorCallback
 .text.HAL_ADC_IRQHandler
                0x08002500      0x278 ./Drivers/STM32H7xx_HAL_Driver/Src/stm32h7xx_hal_adc.o
                0x08002500                HAL_ADC_IRQHandler
 .text.HAL_ADC_ConfigChannel
                0x08002778      0x430 ./Drivers/STM32H7xx_HAL_Driver/Src/stm32h7xx_hal_adc.o
                0x08002778                HAL_ADC_ConfigChannel
 .text.ADC_Enable
                0x08002ba8       0xb0 ./Drivers/STM32H7xx_HAL_Driver/Src/stm32h7xx_hal_adc.o
                0x08002ba8                ADC_Enable
 .text.HAL_ADC_Start_IT
                0x08002c58      0x168 ./Drivers/STM32H7xx_HAL_Driver/Src/stm32h7xx_hal_adc.o
                0x08002c58                HAL_ADC_Start_IT
 .text.ADC_ConfigureBoostMode
                0x08002dc0      0x178 ./Drivers/STM32H7xx_HAL_Driver/Src/stm32h7xx_hal_adc.o
                0x08002dc0                ADC_ConfigureBoostMode
 .text.HAL_ADC_Init
                0x08002f38      0x218 ./Drivers/STM32H7xx_HAL_Driver/Src/stm32h7xx_hal_adc.o
                0x08002f38                HAL_ADC_Init
 .text.HAL_ADCEx_InjectedConvCpltCallback
                0x08003150        0x4 ./Drivers/STM32H7xx_HAL_Driver/Src/stm32h7xx_hal_adc_ex.o
                0x08003150                HAL_ADCEx_InjectedConvCpltCallback
 .text.HAL_ADCEx_InjectedQueueOverflowCallback
                0x08003154        0x4 ./Drivers/STM32H7xx_HAL_Driver/Src/stm32h7xx_hal_adc_ex.o
                0x08003154                HAL_ADCEx_InjectedQueueOverflowCallback
 .text.HAL_ADCEx_LevelOutOfWindow2Callback
                0x08003158        0x4 ./Drivers/STM32H7xx_HAL_Driver/Src/stm32h7xx_hal_adc_ex.o
                0x08003158                HAL_ADCEx_LevelOutOfWindow2Callback
 .text.HAL_ADCEx_LevelOutOfWindow3Callback
                0x0800315c        0x4 ./Drivers/STM32H7xx_HAL_Driver/Src/stm32h7xx_hal_adc_ex.o
                0x0800315c                HAL_ADCEx_LevelOutOfWindow3Callback
 .text.HAL_ADCEx_EndOfSamplingCallback
                0x08003160        0x4 ./Drivers/STM32H7xx_HAL_Driver/Src/stm32h7xx_hal_adc_ex.o
                0x08003160                HAL_ADCEx_EndOfSamplingCallback
 .text.HAL_NVIC_SetPriorityGrouping
                0x08003164       0x24 ./Drivers/STM32H7xx_HAL_Driver/Src/stm32h7xx_hal_cortex.o
                0x08003164                HAL_NVIC_SetPriorityGrouping
 .text.HAL_NVIC_SetPriority
                0x08003188       0x78 ./Drivers/STM32H7xx_HAL_Driver/Src/stm32h7xx_hal_cortex.o
                0x08003188                HAL_NVIC_SetPriority
 .text.HAL_NVIC_EnableIRQ
                0x08003200       0x1c ./Drivers/STM32H7xx_HAL_Driver/Src/stm32h7xx_hal_cortex.o
                0x08003200                HAL_NVIC_EnableIRQ
 .text.HAL_SYSTICK_Config
                0x0800321c       0x2c ./Drivers/STM32H7xx_HAL_Driver/Src/stm32h7xx_hal_cortex.o
                0x0800321c                HAL_SYSTICK_Config
 .text.HAL_MPU_Disable
                0x08003248       0x1c ./Drivers/STM32H7xx_HAL_Driver/Src/stm32h7xx_hal_cortex.o
                0x08003248                HAL_MPU_Disable
 .text.HAL_MPU_Enable
                0x08003264       0x20 ./Drivers/STM32H7xx_HAL_Driver/Src/stm32h7xx_hal_cortex.o
                0x08003264                HAL_MPU_Enable
 .text.HAL_MPU_ConfigRegion
                0x08003284       0x60 ./Drivers/STM32H7xx_HAL_Driver/Src/stm32h7xx_hal_cortex.o
                0x08003284                HAL_MPU_ConfigRegion
 .text.HAL_DAC_Init
                0x080032e4       0x2c ./Drivers/STM32H7xx_HAL_Driver/Src/stm32h7xx_hal_dac.o
                0x080032e4                HAL_DAC_Init
 .text.HAL_DAC_Start_DMA
                0x08003310       0xf4 ./Drivers/STM32H7xx_HAL_Driver/Src/stm32h7xx_hal_dac.o
                0x08003310                HAL_DAC_Start_DMA
 .text.DAC_DMAConvCpltCh1
                0x08003404       0x10 ./Drivers/STM32H7xx_HAL_Driver/Src/stm32h7xx_hal_dac.o
                0x08003404                DAC_DMAConvCpltCh1
 .text.DAC_DMAHalfConvCpltCh1
                0x08003414        0xc ./Drivers/STM32H7xx_HAL_Driver/Src/stm32h7xx_hal_dac.o
                0x08003414                DAC_DMAHalfConvCpltCh1
 .text.HAL_DAC_ErrorCallbackCh1
                0x08003420        0x4 ./Drivers/STM32H7xx_HAL_Driver/Src/stm32h7xx_hal_dac.o
                0x08003420                HAL_DAC_ErrorCallbackCh1
 .text.DAC_DMAErrorCh1
                0x08003424       0x18 ./Drivers/STM32H7xx_HAL_Driver/Src/stm32h7xx_hal_dac.o
                0x08003424                DAC_DMAErrorCh1
 .text.HAL_DAC_ConfigChannel
                0x0800343c      0x154 ./Drivers/STM32H7xx_HAL_Driver/Src/stm32h7xx_hal_dac.o
                0x0800343c                HAL_DAC_ConfigChannel
 .text.HAL_DACEx_ConvCpltCallbackCh2
                0x08003590        0x4 ./Drivers/STM32H7xx_HAL_Driver/Src/stm32h7xx_hal_dac_ex.o
                0x08003590                HAL_DACEx_ConvCpltCallbackCh2
 .text.DAC_DMAConvCpltCh2
                0x08003594       0x10 ./Drivers/STM32H7xx_HAL_Driver/Src/stm32h7xx_hal_dac_ex.o
                0x08003594                DAC_DMAConvCpltCh2
 .text.HAL_DACEx_ConvHalfCpltCallbackCh2
                0x080035a4        0x4 ./Drivers/STM32H7xx_HAL_Driver/Src/stm32h7xx_hal_dac_ex.o
                0x080035a4                HAL_DACEx_ConvHalfCpltCallbackCh2
 .text.DAC_DMAHalfConvCpltCh2
                0x080035a8        0xc ./Drivers/STM32H7xx_HAL_Driver/Src/stm32h7xx_hal_dac_ex.o
                0x080035a8                DAC_DMAHalfConvCpltCh2
 .text.HAL_DACEx_ErrorCallbackCh2
                0x080035b4        0x4 ./Drivers/STM32H7xx_HAL_Driver/Src/stm32h7xx_hal_dac_ex.o
                0x080035b4                HAL_DACEx_ErrorCallbackCh2
 .text.DAC_DMAErrorCh2
                0x080035b8       0x18 ./Drivers/STM32H7xx_HAL_Driver/Src/stm32h7xx_hal_dac_ex.o
                0x080035b8                DAC_DMAErrorCh2
 .text.DMA_CalcBaseAndBitshift
                0x080035d0      0x100 ./Drivers/STM32H7xx_HAL_Driver/Src/stm32h7xx_hal_dma.o
 .text.DMA_CalcDMAMUXChannelBaseAndMask
                0x080036d0       0xd0 ./Drivers/STM32H7xx_HAL_Driver/Src/stm32h7xx_hal_dma.o
 .text.HAL_DMA_Init
                0x080037a0      0x50c ./Drivers/STM32H7xx_HAL_Driver/Src/stm32h7xx_hal_dma.o
                0x080037a0                HAL_DMA_Init
 .text.HAL_DMA_Start_IT
                0x08003cac      0x814 ./Drivers/STM32H7xx_HAL_Driver/Src/stm32h7xx_hal_dma.o
                0x08003cac                HAL_DMA_Start_IT
 .text.HAL_DMA_Abort
                0x080044c0      0x364 ./Drivers/STM32H7xx_HAL_Driver/Src/stm32h7xx_hal_dma.o
                0x080044c0                HAL_DMA_Abort
 .text.HAL_DMA_Abort_IT
                0x08004824      0x150 ./Drivers/STM32H7xx_HAL_Driver/Src/stm32h7xx_hal_dma.o
                0x08004824                HAL_DMA_Abort_IT
 .text.HAL_DMA_IRQHandler
                0x08004974      0x6a8 ./Drivers/STM32H7xx_HAL_Driver/Src/stm32h7xx_hal_dma.o
                0x08004974                HAL_DMA_IRQHandler
 .text.HAL_GPIO_Init
                0x0800501c      0x284 ./Drivers/STM32H7xx_HAL_Driver/Src/stm32h7xx_hal_gpio.o
                0x0800501c                HAL_GPIO_Init
 .text.HAL_GPIO_WritePin
                0x080052a0        0x8 ./Drivers/STM32H7xx_HAL_Driver/Src/stm32h7xx_hal_gpio.o
                0x080052a0                HAL_GPIO_WritePin
 .text.HAL_GPIO_EXTI_IRQHandler
                0x080052a8       0x1c ./Drivers/STM32H7xx_HAL_Driver/Src/stm32h7xx_hal_gpio.o
                0x080052a8                HAL_GPIO_EXTI_IRQHandler
 .text.HAL_PWREx_ConfigSupply
                0x080052c4       0x48 ./Drivers/STM32H7xx_HAL_Driver/Src/stm32h7xx_hal_pwr_ex.o
                0x080052c4                HAL_PWREx_ConfigSupply
 .text.HAL_RCC_GetSysClockFreq.part.0
                0x0800530c       0xe4 ./Drivers/STM32H7xx_HAL_Driver/Src/stm32h7xx_hal_rcc.o
 .text.HAL_RCC_OscConfig
                0x080053f0      0x5e4 ./Drivers/STM32H7xx_HAL_Driver/Src/stm32h7xx_hal_rcc.o
                0x080053f0                HAL_RCC_OscConfig
 .text.HAL_RCC_GetSysClockFreq
                0x080059d4      0x11c ./Drivers/STM32H7xx_HAL_Driver/Src/stm32h7xx_hal_rcc.o
                0x080059d4                HAL_RCC_GetSysClockFreq
 .text.HAL_RCC_ClockConfig
                0x08005af0      0x254 ./Drivers/STM32H7xx_HAL_Driver/Src/stm32h7xx_hal_rcc.o
                0x08005af0                HAL_RCC_ClockConfig
 .text.HAL_RCC_GetHCLKFreq
                0x08005d44       0x80 ./Drivers/STM32H7xx_HAL_Driver/Src/stm32h7xx_hal_rcc.o
                0x08005d44                HAL_RCC_GetHCLKFreq
 .text.HAL_RCC_GetPCLK1Freq
                0x08005dc4       0x90 ./Drivers/STM32H7xx_HAL_Driver/Src/stm32h7xx_hal_rcc.o
                0x08005dc4                HAL_RCC_GetPCLK1Freq
 .text.HAL_RCC_GetPCLK2Freq
                0x08005e54       0x90 ./Drivers/STM32H7xx_HAL_Driver/Src/stm32h7xx_hal_rcc.o
                0x08005e54                HAL_RCC_GetPCLK2Freq
 .text.RCCEx_PLL2_Config.part.0
                0x08005ee4       0xe4 ./Drivers/STM32H7xx_HAL_Driver/Src/stm32h7xx_hal_rcc_ex.o
 .text.RCCEx_PLL3_Config.part.0
                0x08005fc8       0xe4 ./Drivers/STM32H7xx_HAL_Driver/Src/stm32h7xx_hal_rcc_ex.o
 .text.HAL_RCCEx_PeriphCLKConfig
                0x080060ac      0xeb4 ./Drivers/STM32H7xx_HAL_Driver/Src/stm32h7xx_hal_rcc_ex.o
                0x080060ac                HAL_RCCEx_PeriphCLKConfig
 .text.HAL_RCCEx_GetD3PCLK1Freq
                0x08006f60       0x24 ./Drivers/STM32H7xx_HAL_Driver/Src/stm32h7xx_hal_rcc_ex.o
                0x08006f60                HAL_RCCEx_GetD3PCLK1Freq
 .text.HAL_RCCEx_GetPLL2ClockFreq
                0x08006f84      0x134 ./Drivers/STM32H7xx_HAL_Driver/Src/stm32h7xx_hal_rcc_ex.o
                0x08006f84                HAL_RCCEx_GetPLL2ClockFreq
 .text.HAL_RCCEx_GetPLL3ClockFreq
                0x080070b8      0x134 ./Drivers/STM32H7xx_HAL_Driver/Src/stm32h7xx_hal_rcc_ex.o
                0x080070b8                HAL_RCCEx_GetPLL3ClockFreq
 .text.HAL_RCCEx_GetPLL1ClockFreq
                0x080071ec      0x134 ./Drivers/STM32H7xx_HAL_Driver/Src/stm32h7xx_hal_rcc_ex.o
                0x080071ec                HAL_RCCEx_GetPLL1ClockFreq
 .text.HAL_RCCEx_GetPeriphCLKFreq
                0x08007320      0x390 ./Drivers/STM32H7xx_HAL_Driver/Src/stm32h7xx_hal_rcc_ex.o
                0x08007320                HAL_RCCEx_GetPeriphCLKFreq
 .text.HAL_SPI_Init
                0x080076b0      0x1b0 ./Drivers/STM32H7xx_HAL_Driver/Src/stm32h7xx_hal_spi.o
                0x080076b0                HAL_SPI_Init
 .text.HAL_TIM_Base_Init
                0x08007860      0x14c ./Drivers/STM32H7xx_HAL_Driver/Src/stm32h7xx_hal_tim.o
                0x08007860                HAL_TIM_Base_Init
 .text.HAL_TIM_Base_Start_IT
                0x080079ac       0xa4 ./Drivers/STM32H7xx_HAL_Driver/Src/stm32h7xx_hal_tim.o
                0x080079ac                HAL_TIM_Base_Start_IT
 .text.HAL_TIM_Base_Stop_IT
                0x08007a50       0x34 ./Drivers/STM32H7xx_HAL_Driver/Src/stm32h7xx_hal_tim.o
                0x08007a50                HAL_TIM_Base_Stop_IT
 .text.HAL_TIM_OC_DelayElapsedCallback
                0x08007a84        0x4 ./Drivers/STM32H7xx_HAL_Driver/Src/stm32h7xx_hal_tim.o
                0x08007a84                HAL_TIM_OC_DelayElapsedCallback
 .text.HAL_TIM_IC_CaptureCallback
                0x08007a88        0x4 ./Drivers/STM32H7xx_HAL_Driver/Src/stm32h7xx_hal_tim.o
                0x08007a88                HAL_TIM_IC_CaptureCallback
 .text.HAL_TIM_PWM_PulseFinishedCallback
                0x08007a8c        0x4 ./Drivers/STM32H7xx_HAL_Driver/Src/stm32h7xx_hal_tim.o
                0x08007a8c                HAL_TIM_PWM_PulseFinishedCallback
 .text.HAL_TIM_TriggerCallback
                0x08007a90        0x4 ./Drivers/STM32H7xx_HAL_Driver/Src/stm32h7xx_hal_tim.o
                0x08007a90                HAL_TIM_TriggerCallback
 .text.HAL_TIM_IRQHandler
                0x08007a94      0x158 ./Drivers/STM32H7xx_HAL_Driver/Src/stm32h7xx_hal_tim.o
                0x08007a94                HAL_TIM_IRQHandler
 .text.HAL_TIMEx_MasterConfigSynchronization
                0x08007bec       0xb4 ./Drivers/STM32H7xx_HAL_Driver/Src/stm32h7xx_hal_tim_ex.o
                0x08007bec                HAL_TIMEx_MasterConfigSynchronization
 .text.HAL_TIMEx_CommutCallback
                0x08007ca0        0x4 ./Drivers/STM32H7xx_HAL_Driver/Src/stm32h7xx_hal_tim_ex.o
                0x08007ca0                HAL_TIMEx_CommutCallback
 .text.HAL_TIMEx_BreakCallback
                0x08007ca4        0x4 ./Drivers/STM32H7xx_HAL_Driver/Src/stm32h7xx_hal_tim_ex.o
                0x08007ca4                HAL_TIMEx_BreakCallback
 .text.HAL_TIMEx_Break2Callback
                0x08007ca8        0x4 ./Drivers/STM32H7xx_HAL_Driver/Src/stm32h7xx_hal_tim_ex.o
                0x08007ca8                HAL_TIMEx_Break2Callback
 .text.HAL_UART_Receive_IT
                0x08007cac      0x190 ./Drivers/STM32H7xx_HAL_Driver/Src/stm32h7xx_hal_uart.o
                0x08007cac                HAL_UART_Receive_IT
 .text.HAL_UART_TxCpltCallback
                0x08007e3c        0x4 ./Drivers/STM32H7xx_HAL_Driver/Src/stm32h7xx_hal_uart.o
                0x08007e3c                HAL_UART_TxCpltCallback
 .text.HAL_UART_ErrorCallback
                0x08007e40        0x4 ./Drivers/STM32H7xx_HAL_Driver/Src/stm32h7xx_hal_uart.o
                0x08007e40                HAL_UART_ErrorCallback
 .text.UART_DMAAbortOnError
                0x08007e44       0x14 ./Drivers/STM32H7xx_HAL_Driver/Src/stm32h7xx_hal_uart.o
 .text.HAL_UARTEx_RxEventCallback
                0x08007e58        0x4 ./Drivers/STM32H7xx_HAL_Driver/Src/stm32h7xx_hal_uart.o
                0x08007e58                HAL_UARTEx_RxEventCallback
 .text.HAL_UART_IRQHandler
                0x08007e5c      0x38c ./Drivers/STM32H7xx_HAL_Driver/Src/stm32h7xx_hal_uart.o
                0x08007e5c                HAL_UART_IRQHandler
 .text.UART_RxISR_8BIT.part.0
                0x080081e8       0x9c ./Drivers/STM32H7xx_HAL_Driver/Src/stm32h7xx_hal_uart.o
 .text.UART_RxISR_16BIT
                0x08008284       0x48 ./Drivers/STM32H7xx_HAL_Driver/Src/stm32h7xx_hal_uart.o
 .text.UART_RxISR_8BIT
                0x080082cc       0x44 ./Drivers/STM32H7xx_HAL_Driver/Src/stm32h7xx_hal_uart.o
 .text.UART_RxISR_8BIT_FIFOEN
                0x08008310      0x1ec ./Drivers/STM32H7xx_HAL_Driver/Src/stm32h7xx_hal_uart.o
 .text.UART_RxISR_16BIT_FIFOEN
                0x080084fc      0x1ec ./Drivers/STM32H7xx_HAL_Driver/Src/stm32h7xx_hal_uart.o
 .text.UART_SetConfig
                0x080086e8      0x378 ./Drivers/STM32H7xx_HAL_Driver/Src/stm32h7xx_hal_uart.o
                0x080086e8                UART_SetConfig
 .text.UART_AdvFeatureConfig
                0x08008a60       0xb0 ./Drivers/STM32H7xx_HAL_Driver/Src/stm32h7xx_hal_uart.o
                0x08008a60                UART_AdvFeatureConfig
 .text.UART_CheckIdleState
                0x08008b10      0x258 ./Drivers/STM32H7xx_HAL_Driver/Src/stm32h7xx_hal_uart.o
                0x08008b10                UART_CheckIdleState
 .text.HAL_UART_Init
                0x08008d68       0x68 ./Drivers/STM32H7xx_HAL_Driver/Src/stm32h7xx_hal_uart.o
                0x08008d68                HAL_UART_Init
 .text.HAL_UARTEx_WakeupCallback
                0x08008dd0        0x4 ./Drivers/STM32H7xx_HAL_Driver/Src/stm32h7xx_hal_uart_ex.o
                0x08008dd0                HAL_UARTEx_WakeupCallback
 .text.HAL_UARTEx_RxFifoFullCallback
                0x08008dd4        0x4 ./Drivers/STM32H7xx_HAL_Driver/Src/stm32h7xx_hal_uart_ex.o
                0x08008dd4                HAL_UARTEx_RxFifoFullCallback
 .text.HAL_UARTEx_TxFifoEmptyCallback
                0x08008dd8        0x4 ./Drivers/STM32H7xx_HAL_Driver/Src/stm32h7xx_hal_uart_ex.o
                0x08008dd8                HAL_UARTEx_TxFifoEmptyCallback
 .text.HAL_UARTEx_DisableFifoMode
                0x08008ddc       0x3c ./Drivers/STM32H7xx_HAL_Driver/Src/stm32h7xx_hal_uart_ex.o
                0x08008ddc                HAL_UARTEx_DisableFifoMode
 .text.HAL_UARTEx_SetTxFifoThreshold
                0x08008e18       0x84 ./Drivers/STM32H7xx_HAL_Driver/Src/stm32h7xx_hal_uart_ex.o
                0x08008e18                HAL_UARTEx_SetTxFifoThreshold
 .text.HAL_UARTEx_SetRxFifoThreshold
                0x08008e9c       0x84 ./Drivers/STM32H7xx_HAL_Driver/Src/stm32h7xx_hal_uart_ex.o
                0x08008e9c                HAL_UARTEx_SetRxFifoThreshold
 .text.memset   0x08008f20       0x10 D:/Software/ST_CubeIDE/STM32CubeIDE_1.15.0/STM32CubeIDE/plugins/com.st.stm32cube.ide.mcu.externaltools.gnu-tools-for-stm32.12.3.rel1.win32_1.0.100.202403111256/tools/bin/../lib/gcc/arm-none-eabi/12.3.1/../../../../arm-none-eabi/lib/thumb/v7e-m+dp/hard\libc_nano.a(libc_a-memset.o)
                0x08008f20                memset
 .text.__errno  0x08008f30        0xc D:/Software/ST_CubeIDE/STM32CubeIDE_1.15.0/STM32CubeIDE/plugins/com.st.stm32cube.ide.mcu.externaltools.gnu-tools-for-stm32.12.3.rel1.win32_1.0.100.202403111256/tools/bin/../lib/gcc/arm-none-eabi/12.3.1/../../../../arm-none-eabi/lib/thumb/v7e-m+dp/hard\libc_nano.a(libc_a-errno.o)
                0x08008f30                __errno
 .text.__libc_init_array
                0x08008f3c       0x48 D:/Software/ST_CubeIDE/STM32CubeIDE_1.15.0/STM32CubeIDE/plugins/com.st.stm32cube.ide.mcu.externaltools.gnu-tools-for-stm32.12.3.rel1.win32_1.0.100.202403111256/tools/bin/../lib/gcc/arm-none-eabi/12.3.1/../../../../arm-none-eabi/lib/thumb/v7e-m+dp/hard\libc_nano.a(libc_a-init.o)
                0x08008f3c                __libc_init_array
 .text.checkint
                0x08008f84       0x2e D:/Software/ST_CubeIDE/STM32CubeIDE_1.15.0/STM32CubeIDE/plugins/com.st.stm32cube.ide.mcu.externaltools.gnu-tools-for-stm32.12.3.rel1.win32_1.0.100.202403111256/tools/bin/../lib/gcc/arm-none-eabi/12.3.1/../../../../arm-none-eabi/lib/thumb/v7e-m+dp/hard\libm.a(libm_a-sf_pow.o)
 *fill*         0x08008fb2        0x6 
 .text.powf     0x08008fb8      0x2c0 D:/Software/ST_CubeIDE/STM32CubeIDE_1.15.0/STM32CubeIDE/plugins/com.st.stm32cube.ide.mcu.externaltools.gnu-tools-for-stm32.12.3.rel1.win32_1.0.100.202403111256/tools/bin/../lib/gcc/arm-none-eabi/12.3.1/../../../../arm-none-eabi/lib/thumb/v7e-m+dp/hard\libm.a(libm_a-sf_pow.o)
                0x08008fb8                powf
 .text.with_errnof
                0x08009278       0x1c D:/Software/ST_CubeIDE/STM32CubeIDE_1.15.0/STM32CubeIDE/plugins/com.st.stm32cube.ide.mcu.externaltools.gnu-tools-for-stm32.12.3.rel1.win32_1.0.100.202403111256/tools/bin/../lib/gcc/arm-none-eabi/12.3.1/../../../../arm-none-eabi/lib/thumb/v7e-m+dp/hard\libm.a(libm_a-math_errf.o)
 .text.xflowf   0x08009294       0x16 D:/Software/ST_CubeIDE/STM32CubeIDE_1.15.0/STM32CubeIDE/plugins/com.st.stm32cube.ide.mcu.externaltools.gnu-tools-for-stm32.12.3.rel1.win32_1.0.100.202403111256/tools/bin/../lib/gcc/arm-none-eabi/12.3.1/../../../../arm-none-eabi/lib/thumb/v7e-m+dp/hard\libm.a(libm_a-math_errf.o)
 *fill*         0x080092aa        0x2 
 .text.__math_uflowf
                0x080092ac        0xc D:/Software/ST_CubeIDE/STM32CubeIDE_1.15.0/STM32CubeIDE/plugins/com.st.stm32cube.ide.mcu.externaltools.gnu-tools-for-stm32.12.3.rel1.win32_1.0.100.202403111256/tools/bin/../lib/gcc/arm-none-eabi/12.3.1/../../../../arm-none-eabi/lib/thumb/v7e-m+dp/hard\libm.a(libm_a-math_errf.o)
                0x080092ac                __math_uflowf
 .text.__math_may_uflowf
                0x080092b8        0xc D:/Software/ST_CubeIDE/STM32CubeIDE_1.15.0/STM32CubeIDE/plugins/com.st.stm32cube.ide.mcu.externaltools.gnu-tools-for-stm32.12.3.rel1.win32_1.0.100.202403111256/tools/bin/../lib/gcc/arm-none-eabi/12.3.1/../../../../arm-none-eabi/lib/thumb/v7e-m+dp/hard\libm.a(libm_a-math_errf.o)
                0x080092b8                __math_may_uflowf
 .text.__math_oflowf
                0x080092c4        0xc D:/Software/ST_CubeIDE/STM32CubeIDE_1.15.0/STM32CubeIDE/plugins/com.st.stm32cube.ide.mcu.externaltools.gnu-tools-for-stm32.12.3.rel1.win32_1.0.100.202403111256/tools/bin/../lib/gcc/arm-none-eabi/12.3.1/../../../../arm-none-eabi/lib/thumb/v7e-m+dp/hard\libm.a(libm_a-math_errf.o)
                0x080092c4                __math_oflowf
 .text.__math_divzerof
                0x080092d0       0x24 D:/Software/ST_CubeIDE/STM32CubeIDE_1.15.0/STM32CubeIDE/plugins/com.st.stm32cube.ide.mcu.externaltools.gnu-tools-for-stm32.12.3.rel1.win32_1.0.100.202403111256/tools/bin/../lib/gcc/arm-none-eabi/12.3.1/../../../../arm-none-eabi/lib/thumb/v7e-m+dp/hard\libm.a(libm_a-math_errf.o)
                0x080092d0                __math_divzerof
 .text.__math_invalidf
                0x080092f4       0x1e D:/Software/ST_CubeIDE/STM32CubeIDE_1.15.0/STM32CubeIDE/plugins/com.st.stm32cube.ide.mcu.externaltools.gnu-tools-for-stm32.12.3.rel1.win32_1.0.100.202403111256/tools/bin/../lib/gcc/arm-none-eabi/12.3.1/../../../../arm-none-eabi/lib/thumb/v7e-m+dp/hard\libm.a(libm_a-math_errf.o)
                0x080092f4                __math_invalidf
 *(.glue_7)
 .glue_7        0x08009312        0x0 linker stubs
 *(.glue_7t)
 .glue_7t       0x08009312        0x0 linker stubs
 *(.eh_frame)
 *fill*         0x08009312        0x2 
 .eh_frame      0x08009314        0x0 D:/Software/ST_CubeIDE/STM32CubeIDE_1.15.0/STM32CubeIDE/plugins/com.st.stm32cube.ide.mcu.externaltools.gnu-tools-for-stm32.12.3.rel1.win32_1.0.100.202403111256/tools/bin/../lib/gcc/arm-none-eabi/12.3.1/thumb/v7e-m+dp/hard/crtbegin.o
 *(.init)
 .init          0x08009314        0x4 D:/Software/ST_CubeIDE/STM32CubeIDE_1.15.0/STM32CubeIDE/plugins/com.st.stm32cube.ide.mcu.externaltools.gnu-tools-for-stm32.12.3.rel1.win32_1.0.100.202403111256/tools/bin/../lib/gcc/arm-none-eabi/12.3.1/thumb/v7e-m+dp/hard/crti.o
                0x08009314                _init
 .init          0x08009318        0x8 D:/Software/ST_CubeIDE/STM32CubeIDE_1.15.0/STM32CubeIDE/plugins/com.st.stm32cube.ide.mcu.externaltools.gnu-tools-for-stm32.12.3.rel1.win32_1.0.100.202403111256/tools/bin/../lib/gcc/arm-none-eabi/12.3.1/thumb/v7e-m+dp/hard/crtn.o
 *(.fini)
 .fini          0x08009320        0x4 D:/Software/ST_CubeIDE/STM32CubeIDE_1.15.0/STM32CubeIDE/plugins/com.st.stm32cube.ide.mcu.externaltools.gnu-tools-for-stm32.12.3.rel1.win32_1.0.100.202403111256/tools/bin/../lib/gcc/arm-none-eabi/12.3.1/thumb/v7e-m+dp/hard/crti.o
                0x08009320                _fini
 .fini          0x08009324        0x8 D:/Software/ST_CubeIDE/STM32CubeIDE_1.15.0/STM32CubeIDE/plugins/com.st.stm32cube.ide.mcu.externaltools.gnu-tools-for-stm32.12.3.rel1.win32_1.0.100.202403111256/tools/bin/../lib/gcc/arm-none-eabi/12.3.1/thumb/v7e-m+dp/hard/crtn.o
                0x0800932c                        . = ALIGN (0x4)
                0x0800932c                        _etext = .

.vfp11_veneer   0x0800932c        0x0
 .vfp11_veneer  0x0800932c        0x0 linker stubs

.v4_bx          0x0800932c        0x0
 .v4_bx         0x0800932c        0x0 linker stubs

.iplt           0x0800932c        0x0
 .iplt          0x0800932c        0x0 D:/Software/ST_CubeIDE/STM32CubeIDE_1.15.0/STM32CubeIDE/plugins/com.st.stm32cube.ide.mcu.externaltools.gnu-tools-for-stm32.12.3.rel1.win32_1.0.100.202403111256/tools/bin/../lib/gcc/arm-none-eabi/12.3.1/thumb/v7e-m+dp/hard/crtbegin.o

.rodata         0x08009330     0x50b0
                0x08009330                        . = ALIGN (0x4)
 *(.rodata)
 *(.rodata*)
 .rodata.track2
                0x08009330     0x26d8 ./Core/Src/main.o
                0x08009330                track2
 .rodata.track1
                0x0800ba08     0x2728 ./Core/Src/main.o
                0x0800ba08                track1
 .rodata.D1CorePrescTable
                0x0800e130       0x10 ./Core/Src/system_stm32h7xx.o
                0x0800e130                D1CorePrescTable
 .rodata.flagBitshiftOffset.0
                0x0800e140        0x8 ./Drivers/STM32H7xx_HAL_Driver/Src/stm32h7xx_hal_dma.o
 .rodata.UARTPrescTable
                0x0800e148       0x18 ./Drivers/STM32H7xx_HAL_Driver/Src/stm32h7xx_hal_uart.o
                0x0800e148                UARTPrescTable
 .rodata.denominator.0
                0x0800e160        0x8 ./Drivers/STM32H7xx_HAL_Driver/Src/stm32h7xx_hal_uart_ex.o
 .rodata.numerator.1
                0x0800e168        0x8 ./Drivers/STM32H7xx_HAL_Driver/Src/stm32h7xx_hal_uart_ex.o
 .rodata.__exp2f_data
                0x0800e170      0x148 D:/Software/ST_CubeIDE/STM32CubeIDE_1.15.0/STM32CubeIDE/plugins/com.st.stm32cube.ide.mcu.externaltools.gnu-tools-for-stm32.12.3.rel1.win32_1.0.100.202403111256/tools/bin/../lib/gcc/arm-none-eabi/12.3.1/../../../../arm-none-eabi/lib/thumb/v7e-m+dp/hard\libm.a(libm_a-sf_exp2_data.o)
                0x0800e170                __exp2f_data
 .rodata.__powf_log2_data
                0x0800e2b8      0x128 D:/Software/ST_CubeIDE/STM32CubeIDE_1.15.0/STM32CubeIDE/plugins/com.st.stm32cube.ide.mcu.externaltools.gnu-tools-for-stm32.12.3.rel1.win32_1.0.100.202403111256/tools/bin/../lib/gcc/arm-none-eabi/12.3.1/../../../../arm-none-eabi/lib/thumb/v7e-m+dp/hard\libm.a(libm_a-sf_pow_log2_data.o)
                0x0800e2b8                __powf_log2_data
                0x0800e3e0                        . = ALIGN (0x4)

.ARM.extab
 *(.ARM.extab* .gnu.linkonce.armextab.*)

.ARM            0x0800e3e0        0x8
                0x0800e3e0                        __exidx_start = .
 *(.ARM.exidx*)
 .ARM.exidx     0x0800e3e0        0x8 D:/Software/ST_CubeIDE/STM32CubeIDE_1.15.0/STM32CubeIDE/plugins/com.st.stm32cube.ide.mcu.externaltools.gnu-tools-for-stm32.12.3.rel1.win32_1.0.100.202403111256/tools/bin/../lib/gcc/arm-none-eabi/12.3.1/thumb/v7e-m+dp/hard\libgcc.a(_udivmoddi4.o)
                0x0800e3e8                        __exidx_end = .

.preinit_array  0x0800e3e8        0x0
                0x0800e3e8                        PROVIDE (__preinit_array_start = .)
 *(.preinit_array*)
                0x0800e3e8                        PROVIDE (__preinit_array_end = .)

.init_array     0x0800e3e8        0x4
                0x0800e3e8                        PROVIDE (__init_array_start = .)
 *(SORT_BY_NAME(.init_array.*))
 *(.init_array*)
 .init_array    0x0800e3e8        0x4 D:/Software/ST_CubeIDE/STM32CubeIDE_1.15.0/STM32CubeIDE/plugins/com.st.stm32cube.ide.mcu.externaltools.gnu-tools-for-stm32.12.3.rel1.win32_1.0.100.202403111256/tools/bin/../lib/gcc/arm-none-eabi/12.3.1/thumb/v7e-m+dp/hard/crtbegin.o
                0x0800e3ec                        PROVIDE (__init_array_end = .)

.fini_array     0x0800e3ec        0x4
                [!provide]                        PROVIDE (__fini_array_start = .)
 *(SORT_BY_NAME(.fini_array.*))
 *(.fini_array*)
 .fini_array    0x0800e3ec        0x4 D:/Software/ST_CubeIDE/STM32CubeIDE_1.15.0/STM32CubeIDE/plugins/com.st.stm32cube.ide.mcu.externaltools.gnu-tools-for-stm32.12.3.rel1.win32_1.0.100.202403111256/tools/bin/../lib/gcc/arm-none-eabi/12.3.1/thumb/v7e-m+dp/hard/crtbegin.o
                [!provide]                        PROVIDE (__fini_array_end = .)
                0x0800e3f0                        _sidata = LOADADDR (.data)

.rel.dyn        0x0800e3f0        0x0
 .rel.iplt      0x0800e3f0        0x0 D:/Software/ST_CubeIDE/STM32CubeIDE_1.15.0/STM32CubeIDE/plugins/com.st.stm32cube.ide.mcu.externaltools.gnu-tools-for-stm32.12.3.rel1.win32_1.0.100.202403111256/tools/bin/../lib/gcc/arm-none-eabi/12.3.1/thumb/v7e-m+dp/hard/crtbegin.o

.data           0x24000000     0x20c4 load address 0x0800e3f0
                0x24000000                        . = ALIGN (0x4)
                0x24000000                        _sdata = .
 *(.data)
 *(.data*)
 .data.SineLut  0x24000000     0x2000 ./Core/Src/main.o
                0x24000000                SineLut
 .data.oscPresets
                0x24002000       0x51 ./Core/Src/main.o
                0x24002000                oscPresets
 *fill*         0x24002051        0x3 
 .data.B3_OscVol
                0x24002054        0x9 ./Core/Src/main.o
                0x24002054                B3_OscVol
 *fill*         0x2400205d        0x3 
 .data.LFO1_Rate
                0x24002060        0x4 ./Core/Src/main.o
                0x24002060                LFO1_Rate
 .data.SystemD2Clock
                0x24002064        0x4 ./Core/Src/system_stm32h7xx.o
                0x24002064                SystemD2Clock
 .data.SystemCoreClock
                0x24002068        0x4 ./Core/Src/system_stm32h7xx.o
                0x24002068                SystemCoreClock
 .data.uwTickFreq
                0x2400206c        0x1 ./Drivers/STM32H7xx_HAL_Driver/Src/stm32h7xx_hal.o
                0x2400206c                uwTickFreq
 *fill*         0x2400206d        0x3 
 .data.uwTickPrio
                0x24002070        0x4 ./Drivers/STM32H7xx_HAL_Driver/Src/stm32h7xx_hal.o
                0x24002070                uwTickPrio
 .data._impure_ptr
                0x24002074        0x4 D:/Software/ST_CubeIDE/STM32CubeIDE_1.15.0/STM32CubeIDE/plugins/com.st.stm32cube.ide.mcu.externaltools.gnu-tools-for-stm32.12.3.rel1.win32_1.0.100.202403111256/tools/bin/../lib/gcc/arm-none-eabi/12.3.1/../../../../arm-none-eabi/lib/thumb/v7e-m+dp/hard\libc_nano.a(libc_a-impure.o)
                0x24002074                _impure_ptr
 .data._impure_data
                0x24002078       0x4c D:/Software/ST_CubeIDE/STM32CubeIDE_1.15.0/STM32CubeIDE/plugins/com.st.stm32cube.ide.mcu.externaltools.gnu-tools-for-stm32.12.3.rel1.win32_1.0.100.202403111256/tools/bin/../lib/gcc/arm-none-eabi/12.3.1/../../../../arm-none-eabi/lib/thumb/v7e-m+dp/hard\libc_nano.a(libc_a-impure.o)
                0x24002078                _impure_data
 *(.RamFunc)
 *(.RamFunc*)
                0x240020c4                        . = ALIGN (0x4)
                0x240020c4                        _edata = .

.igot.plt       0x240020c4        0x0 load address 0x080104b4
 .igot.plt      0x240020c4        0x0 D:/Software/ST_CubeIDE/STM32CubeIDE_1.15.0/STM32CubeIDE/plugins/com.st.stm32cube.ide.mcu.externaltools.gnu-tools-for-stm32.12.3.rel1.win32_1.0.100.202403111256/tools/bin/../lib/gcc/arm-none-eabi/12.3.1/thumb/v7e-m+dp/hard/crtbegin.o
                0x240020c4                        . = ALIGN (0x4)

.bss            0x240020c8     0x1bf4 load address 0x080104b4
                0x240020c8                        _sbss = .
                0x240020c8                        __bss_start__ = _sbss
 *(.bss)
 .bss           0x240020c8       0x1c D:/Software/ST_CubeIDE/STM32CubeIDE_1.15.0/STM32CubeIDE/plugins/com.st.stm32cube.ide.mcu.externaltools.gnu-tools-for-stm32.12.3.rel1.win32_1.0.100.202403111256/tools/bin/../lib/gcc/arm-none-eabi/12.3.1/thumb/v7e-m+dp/hard/crtbegin.o
 *(.bss*)
 .bss.currentPreset
                0x240020e4        0x1 ./Core/Src/main.o
                0x240020e4                currentPreset
 *fill*         0x240020e5        0x3 
 .bss.voicePool
                0x240020e8       0x18 ./Core/Src/main.o
                0x240020e8                voicePool
 .bss.env       0x24002100       0x24 ./Core/Src/main.o
                0x24002100                env
 .bss.delay1    0x24002124     0x1018 ./Core/Src/main.o
                0x24002124                delay1
 .bss.LFO1      0x2400313c       0x14 ./Core/Src/main.o
                0x2400313c                LFO1
 .bss.Sine9x_5  0x24003150       0xa8 ./Core/Src/main.o
                0x24003150                Sine9x_5
 .bss.Sine9x_4  0x240031f8       0xa8 ./Core/Src/main.o
                0x240031f8                Sine9x_4
 .bss.Sine9x_3  0x240032a0       0xa8 ./Core/Src/main.o
                0x240032a0                Sine9x_3
 .bss.Sine9x_2  0x24003348       0xa8 ./Core/Src/main.o
                0x24003348                Sine9x_2
 .bss.Sine9x_1  0x240033f0       0xa8 ./Core/Src/main.o
                0x240033f0                Sine9x_1
 .bss.Sine9x_0  0x24003498       0xa8 ./Core/Src/main.o
                0x24003498                Sine9x_0
 .bss.trackIndex
                0x24003540        0x4 ./Core/Src/main.o
                0x24003540                trackIndex
 .bss.trackTime
                0x24003544        0x4 ./Core/Src/main.o
                0x24003544                trackTime
 .bss.ADC_Value
                0x24003548        0x2 ./Core/Src/main.o
                0x24003548                ADC_Value
 *fill*         0x2400354a        0x6 
 .bss.mixer     0x24003550        0x8 ./Core/Src/main.o
                0x24003550                mixer
 .bss.chorusOn  0x24003558        0x1 ./Core/Src/main.o
                0x24003558                chorusOn
 .bss.trackPlaying
                0x24003559        0x1 ./Core/Src/main.o
                0x24003559                trackPlaying
 *fill*         0x2400355a        0x2 
 .bss.envSpeed  0x2400355c        0x4 ./Core/Src/main.o
                0x2400355c                envSpeed
 .bss.noteToHz  0x24003560      0x200 ./Core/Src/main.o
                0x24003560                noteToHz
 .bss.UART4_rxBuffer
                0x24003760        0x3 ./Core/Src/main.o
                0x24003760                UART4_rxBuffer
 *fill*         0x24003763        0x1 
 .bss.master_buffer_r
                0x24003764       0x80 ./Core/Src/main.o
                0x24003764                master_buffer_r
 .bss.master_buffer_l
                0x240037e4       0x80 ./Core/Src/main.o
                0x240037e4                master_buffer_l
 .bss.huart4    0x24003864       0x94 ./Core/Src/main.o
                0x24003864                huart4
 .bss.htim7     0x240038f8       0x4c ./Core/Src/main.o
                0x240038f8                htim7
 .bss.htim6     0x24003944       0x4c ./Core/Src/main.o
                0x24003944                htim6
 .bss.hspi2     0x24003990       0x88 ./Core/Src/main.o
                0x24003990                hspi2
 .bss.hdma_dac1_ch2
                0x24003a18       0x78 ./Core/Src/main.o
                0x24003a18                hdma_dac1_ch2
 .bss.hdma_dac1_ch1
                0x24003a90       0x78 ./Core/Src/main.o
                0x24003a90                hdma_dac1_ch1
 .bss.hdac1     0x24003b08       0x14 ./Core/Src/main.o
                0x24003b08                hdac1
 .bss.hadc3     0x24003b1c       0x64 ./Core/Src/main.o
                0x24003b1c                hadc3
 .bss.uwTick    0x24003b80        0x4 ./Drivers/STM32H7xx_HAL_Driver/Src/stm32h7xx_hal.o
                0x24003b80                uwTick
 .bss.__sf      0x24003b84      0x138 D:/Software/ST_CubeIDE/STM32CubeIDE_1.15.0/STM32CubeIDE/plugins/com.st.stm32cube.ide.mcu.externaltools.gnu-tools-for-stm32.12.3.rel1.win32_1.0.100.202403111256/tools/bin/../lib/gcc/arm-none-eabi/12.3.1/../../../../arm-none-eabi/lib/thumb/v7e-m+dp/hard\libc_nano.a(libc_a-findfp.o)
                0x24003b84                __sf
 *(COMMON)
                0x24003cbc                        . = ALIGN (0x4)
                0x24003cbc                        _ebss = .
                0x24003cbc                        __bss_end__ = _ebss

._user_heap_stack
                0x24003cbc      0x604 load address 0x080104b4
                0x24003cc0                        . = ALIGN (0x8)
 *fill*         0x24003cbc        0x4 
                [!provide]                        PROVIDE (end = .)
                0x24003cc0                        PROVIDE (_end = .)
                0x24003ec0                        . = (. + _Min_Heap_Size)
 *fill*         0x24003cc0      0x200 
                0x240042c0                        . = (. + _Min_Stack_Size)
 *fill*         0x24003ec0      0x400 
                0x240042c0                        . = ALIGN (0x8)

/DISCARD/
 libc.a(*)
 libm.a(*)
 libgcc.a(*)

.ARM.attributes
                0x00000000       0x2e
 *(.ARM.attributes)
 .ARM.attributes
                0x00000000       0x20 D:/Software/ST_CubeIDE/STM32CubeIDE_1.15.0/STM32CubeIDE/plugins/com.st.stm32cube.ide.mcu.externaltools.gnu-tools-for-stm32.12.3.rel1.win32_1.0.100.202403111256/tools/bin/../lib/gcc/arm-none-eabi/12.3.1/thumb/v7e-m+dp/hard/crti.o
 .ARM.attributes
                0x00000020       0x32 D:/Software/ST_CubeIDE/STM32CubeIDE_1.15.0/STM32CubeIDE/plugins/com.st.stm32cube.ide.mcu.externaltools.gnu-tools-for-stm32.12.3.rel1.win32_1.0.100.202403111256/tools/bin/../lib/gcc/arm-none-eabi/12.3.1/thumb/v7e-m+dp/hard/crtbegin.o
 .ARM.attributes
                0x00000052       0x2e ./Core/Src/B3_Voice.o
 .ARM.attributes
                0x00000080       0x2e ./Core/Src/main.o
 .ARM.attributes
                0x000000ae       0x2e ./Core/Src/midi.o
 .ARM.attributes
                0x000000dc       0x2e ./Core/Src/stm32h7xx_hal_msp.o
 .ARM.attributes
                0x0000010a       0x2e ./Core/Src/stm32h7xx_it.o
 .ARM.attributes
                0x00000138       0x2e ./Core/Src/system_stm32h7xx.o
 .ARM.attributes
                0x00000166       0x21 ./Core/Startup/startup_stm32h750vbtx.o
 .ARM.attributes
                0x00000187       0x2e ./Drivers/STM32H7xx_HAL_Driver/Src/stm32h7xx_hal.o
 .ARM.attributes
                0x000001b5       0x2e ./Drivers/STM32H7xx_HAL_Driver/Src/stm32h7xx_hal_adc.o
 .ARM.attributes
                0x000001e3       0x2e ./Drivers/STM32H7xx_HAL_Driver/Src/stm32h7xx_hal_adc_ex.o
 .ARM.attributes
                0x00000211       0x2e ./Drivers/STM32H7xx_HAL_Driver/Src/stm32h7xx_hal_cortex.o
 .ARM.attributes
                0x0000023f       0x2e ./Drivers/STM32H7xx_HAL_Driver/Src/stm32h7xx_hal_dac.o
 .ARM.attributes
                0x0000026d       0x2e ./Drivers/STM32H7xx_HAL_Driver/Src/stm32h7xx_hal_dac_ex.o
 .ARM.attributes
                0x0000029b       0x2e ./Drivers/STM32H7xx_HAL_Driver/Src/stm32h7xx_hal_dma.o
 .ARM.attributes
                0x000002c9       0x2e ./Drivers/STM32H7xx_HAL_Driver/Src/stm32h7xx_hal_gpio.o
 .ARM.attributes
                0x000002f7       0x2e ./Drivers/STM32H7xx_HAL_Driver/Src/stm32h7xx_hal_pwr_ex.o
 .ARM.attributes
                0x00000325       0x2e ./Drivers/STM32H7xx_HAL_Driver/Src/stm32h7xx_hal_rcc.o
 .ARM.attributes
                0x00000353       0x2e ./Drivers/STM32H7xx_HAL_Driver/Src/stm32h7xx_hal_rcc_ex.o
 .ARM.attributes
                0x00000381       0x2e ./Drivers/STM32H7xx_HAL_Driver/Src/stm32h7xx_hal_spi.o
 .ARM.attributes
                0x000003af       0x2e ./Drivers/STM32H7xx_HAL_Driver/Src/stm32h7xx_hal_tim.o
 .ARM.attributes
                0x000003dd       0x2e ./Drivers/STM32H7xx_HAL_Driver/Src/stm32h7xx_hal_tim_ex.o
 .ARM.attributes
                0x0000040b       0x2e ./Drivers/STM32H7xx_HAL_Driver/Src/stm32h7xx_hal_uart.o
 .ARM.attributes
                0x00000439       0x2e ./Drivers/STM32H7xx_HAL_Driver/Src/stm32h7xx_hal_uart_ex.o
 .ARM.attributes
                0x00000467       0x32 D:/Software/ST_CubeIDE/STM32CubeIDE_1.15.0/STM32CubeIDE/plugins/com.st.stm32cube.ide.mcu.externaltools.gnu-tools-for-stm32.12.3.rel1.win32_1.0.100.202403111256/tools/bin/../lib/gcc/arm-none-eabi/12.3.1/../../../../arm-none-eabi/lib/thumb/v7e-m+dp/hard\libc_nano.a(libc_a-findfp.o)
 .ARM.attributes
                0x00000499       0x32 D:/Software/ST_CubeIDE/STM32CubeIDE_1.15.0/STM32CubeIDE/plugins/com.st.stm32cube.ide.mcu.externaltools.gnu-tools-for-stm32.12.3.rel1.win32_1.0.100.202403111256/tools/bin/../lib/gcc/arm-none-eabi/12.3.1/../../../../arm-none-eabi/lib/thumb/v7e-m+dp/hard\libc_nano.a(libc_a-memset.o)
 .ARM.attributes
                0x000004cb       0x32 D:/Software/ST_CubeIDE/STM32CubeIDE_1.15.0/STM32CubeIDE/plugins/com.st.stm32cube.ide.mcu.externaltools.gnu-tools-for-stm32.12.3.rel1.win32_1.0.100.202403111256/tools/bin/../lib/gcc/arm-none-eabi/12.3.1/../../../../arm-none-eabi/lib/thumb/v7e-m+dp/hard\libc_nano.a(libc_a-impure.o)
 .ARM.attributes
                0x000004fd       0x32 D:/Software/ST_CubeIDE/STM32CubeIDE_1.15.0/STM32CubeIDE/plugins/com.st.stm32cube.ide.mcu.externaltools.gnu-tools-for-stm32.12.3.rel1.win32_1.0.100.202403111256/tools/bin/../lib/gcc/arm-none-eabi/12.3.1/../../../../arm-none-eabi/lib/thumb/v7e-m+dp/hard\libc_nano.a(libc_a-errno.o)
 .ARM.attributes
                0x0000052f       0x32 D:/Software/ST_CubeIDE/STM32CubeIDE_1.15.0/STM32CubeIDE/plugins/com.st.stm32cube.ide.mcu.externaltools.gnu-tools-for-stm32.12.3.rel1.win32_1.0.100.202403111256/tools/bin/../lib/gcc/arm-none-eabi/12.3.1/../../../../arm-none-eabi/lib/thumb/v7e-m+dp/hard\libc_nano.a(libc_a-init.o)
 .ARM.attributes
                0x00000561       0x32 D:/Software/ST_CubeIDE/STM32CubeIDE_1.15.0/STM32CubeIDE/plugins/com.st.stm32cube.ide.mcu.externaltools.gnu-tools-for-stm32.12.3.rel1.win32_1.0.100.202403111256/tools/bin/../lib/gcc/arm-none-eabi/12.3.1/../../../../arm-none-eabi/lib/thumb/v7e-m+dp/hard\libm.a(libm_a-sf_pow.o)
 .ARM.attributes
                0x00000593       0x32 D:/Software/ST_CubeIDE/STM32CubeIDE_1.15.0/STM32CubeIDE/plugins/com.st.stm32cube.ide.mcu.externaltools.gnu-tools-for-stm32.12.3.rel1.win32_1.0.100.202403111256/tools/bin/../lib/gcc/arm-none-eabi/12.3.1/../../../../arm-none-eabi/lib/thumb/v7e-m+dp/hard\libm.a(libm_a-math_errf.o)
 .ARM.attributes
                0x000005c5       0x32 D:/Software/ST_CubeIDE/STM32CubeIDE_1.15.0/STM32CubeIDE/plugins/com.st.stm32cube.ide.mcu.externaltools.gnu-tools-for-stm32.12.3.rel1.win32_1.0.100.202403111256/tools/bin/../lib/gcc/arm-none-eabi/12.3.1/../../../../arm-none-eabi/lib/thumb/v7e-m+dp/hard\libm.a(libm_a-sf_exp2_data.o)
 .ARM.attributes
                0x000005f7       0x32 D:/Software/ST_CubeIDE/STM32CubeIDE_1.15.0/STM32CubeIDE/plugins/com.st.stm32cube.ide.mcu.externaltools.gnu-tools-for-stm32.12.3.rel1.win32_1.0.100.202403111256/tools/bin/../lib/gcc/arm-none-eabi/12.3.1/../../../../arm-none-eabi/lib/thumb/v7e-m+dp/hard\libm.a(libm_a-sf_pow_log2_data.o)
 .ARM.attributes
                0x00000629       0x20 D:/Software/ST_CubeIDE/STM32CubeIDE_1.15.0/STM32CubeIDE/plugins/com.st.stm32cube.ide.mcu.externaltools.gnu-tools-for-stm32.12.3.rel1.win32_1.0.100.202403111256/tools/bin/../lib/gcc/arm-none-eabi/12.3.1/thumb/v7e-m+dp/hard\libgcc.a(_aeabi_uldivmod.o)
 .ARM.attributes
                0x00000649       0x32 D:/Software/ST_CubeIDE/STM32CubeIDE_1.15.0/STM32CubeIDE/plugins/com.st.stm32cube.ide.mcu.externaltools.gnu-tools-for-stm32.12.3.rel1.win32_1.0.100.202403111256/tools/bin/../lib/gcc/arm-none-eabi/12.3.1/thumb/v7e-m+dp/hard\libgcc.a(_udivmoddi4.o)
 .ARM.attributes
                0x0000067b       0x20 D:/Software/ST_CubeIDE/STM32CubeIDE_1.15.0/STM32CubeIDE/plugins/com.st.stm32cube.ide.mcu.externaltools.gnu-tools-for-stm32.12.3.rel1.win32_1.0.100.202403111256/tools/bin/../lib/gcc/arm-none-eabi/12.3.1/thumb/v7e-m+dp/hard\libgcc.a(_dvmd_tls.o)
 .ARM.attributes
                0x0000069b       0x20 D:/Software/ST_CubeIDE/STM32CubeIDE_1.15.0/STM32CubeIDE/plugins/com.st.stm32cube.ide.mcu.externaltools.gnu-tools-for-stm32.12.3.rel1.win32_1.0.100.202403111256/tools/bin/../lib/gcc/arm-none-eabi/12.3.1/thumb/v7e-m+dp/hard/crtn.o
OUTPUT(Leaf_Synth2.elf elf32-littlearm)
LOAD linker stubs
LOAD D:/Software/ST_CubeIDE/STM32CubeIDE_1.15.0/STM32CubeIDE/plugins/com.st.stm32cube.ide.mcu.externaltools.gnu-tools-for-stm32.12.3.rel1.win32_1.0.100.202403111256/tools/bin/../lib/gcc/arm-none-eabi/12.3.1/../../../../arm-none-eabi/lib/thumb/v7e-m+dp/hard\libc.a
LOAD D:/Software/ST_CubeIDE/STM32CubeIDE_1.15.0/STM32CubeIDE/plugins/com.st.stm32cube.ide.mcu.externaltools.gnu-tools-for-stm32.12.3.rel1.win32_1.0.100.202403111256/tools/bin/../lib/gcc/arm-none-eabi/12.3.1/../../../../arm-none-eabi/lib/thumb/v7e-m+dp/hard\libm.a
LOAD D:/Software/ST_CubeIDE/STM32CubeIDE_1.15.0/STM32CubeIDE/plugins/com.st.stm32cube.ide.mcu.externaltools.gnu-tools-for-stm32.12.3.rel1.win32_1.0.100.202403111256/tools/bin/../lib/gcc/arm-none-eabi/12.3.1/thumb/v7e-m+dp/hard\libgcc.a

.debug_info     0x00000000    0x2c613
 .debug_info    0x00000000      0x8d2 ./Core/Src/B3_Voice.o
 .debug_info    0x000008d2     0x45d1 ./Core/Src/main.o
 .debug_info    0x00004ea3      0xbef ./Core/Src/midi.o
 .debug_info    0x00005a92     0x27bd ./Core/Src/stm32h7xx_hal_msp.o
 .debug_info    0x0000824f     0x11a6 ./Core/Src/stm32h7xx_it.o
 .debug_info    0x000093f5      0xd1c ./Core/Src/system_stm32h7xx.o
 .debug_info    0x0000a111       0x30 ./Core/Startup/startup_stm32h750vbtx.o
 .debug_info    0x0000a141     0x1677 ./Drivers/STM32H7xx_HAL_Driver/Src/stm32h7xx_hal.o
 .debug_info    0x0000b7b8     0x309d ./Drivers/STM32H7xx_HAL_Driver/Src/stm32h7xx_hal_adc.o
 .debug_info    0x0000e855     0x3253 ./Drivers/STM32H7xx_HAL_Driver/Src/stm32h7xx_hal_adc_ex.o
 .debug_info    0x00011aa8     0x1349 ./Drivers/STM32H7xx_HAL_Driver/Src/stm32h7xx_hal_cortex.o
 .debug_info    0x00012df1      0xcf3 ./Drivers/STM32H7xx_HAL_Driver/Src/stm32h7xx_hal_dac.o
 .debug_info    0x00013ae4      0xca0 ./Drivers/STM32H7xx_HAL_Driver/Src/stm32h7xx_hal_dac_ex.o
 .debug_info    0x00014784      0xf54 ./Drivers/STM32H7xx_HAL_Driver/Src/stm32h7xx_hal_dma.o
 .debug_info    0x000156d8      0xc8f ./Drivers/STM32H7xx_HAL_Driver/Src/stm32h7xx_hal_gpio.o
 .debug_info    0x00016367     0x116b ./Drivers/STM32H7xx_HAL_Driver/Src/stm32h7xx_hal_pwr_ex.o
 .debug_info    0x000174d2     0x1367 ./Drivers/STM32H7xx_HAL_Driver/Src/stm32h7xx_hal_rcc.o
 .debug_info    0x00018839     0x2484 ./Drivers/STM32H7xx_HAL_Driver/Src/stm32h7xx_hal_rcc_ex.o
 .debug_info    0x0001acbd     0x19e9 ./Drivers/STM32H7xx_HAL_Driver/Src/stm32h7xx_hal_spi.o
 .debug_info    0x0001c6a6     0x4f50 ./Drivers/STM32H7xx_HAL_Driver/Src/stm32h7xx_hal_tim.o
 .debug_info    0x000215f6     0x1efe ./Drivers/STM32H7xx_HAL_Driver/Src/stm32h7xx_hal_tim_ex.o
 .debug_info    0x000234f4     0x7d62 ./Drivers/STM32H7xx_HAL_Driver/Src/stm32h7xx_hal_uart.o
 .debug_info    0x0002b256     0x13bd ./Drivers/STM32H7xx_HAL_Driver/Src/stm32h7xx_hal_uart_ex.o

.debug_abbrev   0x00000000     0x46d5
 .debug_abbrev  0x00000000      0x298 ./Core/Src/B3_Voice.o
 .debug_abbrev  0x00000298      0x56e ./Core/Src/main.o
 .debug_abbrev  0x00000806      0x2f1 ./Core/Src/midi.o
 .debug_abbrev  0x00000af7      0x2b3 ./Core/Src/stm32h7xx_hal_msp.o
 .debug_abbrev  0x00000daa      0x22b ./Core/Src/stm32h7xx_it.o
 .debug_abbrev  0x00000fd5      0x152 ./Core/Src/system_stm32h7xx.o
 .debug_abbrev  0x00001127       0x24 ./Core/Startup/startup_stm32h750vbtx.o
 .debug_abbrev  0x0000114b      0x315 ./Drivers/STM32H7xx_HAL_Driver/Src/stm32h7xx_hal.o
 .debug_abbrev  0x00001460      0x377 ./Drivers/STM32H7xx_HAL_Driver/Src/stm32h7xx_hal_adc.o
 .debug_abbrev  0x000017d7      0x3f5 ./Drivers/STM32H7xx_HAL_Driver/Src/stm32h7xx_hal_adc_ex.o
 .debug_abbrev  0x00001bcc      0x3a4 ./Drivers/STM32H7xx_HAL_Driver/Src/stm32h7xx_hal_cortex.o
 .debug_abbrev  0x00001f70      0x259 ./Drivers/STM32H7xx_HAL_Driver/Src/stm32h7xx_hal_dac.o
 .debug_abbrev  0x000021c9      0x297 ./Drivers/STM32H7xx_HAL_Driver/Src/stm32h7xx_hal_dac_ex.o
 .debug_abbrev  0x00002460      0x341 ./Drivers/STM32H7xx_HAL_Driver/Src/stm32h7xx_hal_dma.o
 .debug_abbrev  0x000027a1      0x261 ./Drivers/STM32H7xx_HAL_Driver/Src/stm32h7xx_hal_gpio.o
 .debug_abbrev  0x00002a02      0x306 ./Drivers/STM32H7xx_HAL_Driver/Src/stm32h7xx_hal_pwr_ex.o
 .debug_abbrev  0x00002d08      0x32b ./Drivers/STM32H7xx_HAL_Driver/Src/stm32h7xx_hal_rcc.o
 .debug_abbrev  0x00003033      0x369 ./Drivers/STM32H7xx_HAL_Driver/Src/stm32h7xx_hal_rcc_ex.o
 .debug_abbrev  0x0000339c      0x3ca ./Drivers/STM32H7xx_HAL_Driver/Src/stm32h7xx_hal_spi.o
 .debug_abbrev  0x00003766      0x3a9 ./Drivers/STM32H7xx_HAL_Driver/Src/stm32h7xx_hal_tim.o
 .debug_abbrev  0x00003b0f      0x374 ./Drivers/STM32H7xx_HAL_Driver/Src/stm32h7xx_hal_tim_ex.o
 .debug_abbrev  0x00003e83      0x4f2 ./Drivers/STM32H7xx_HAL_Driver/Src/stm32h7xx_hal_uart.o
 .debug_abbrev  0x00004375      0x360 ./Drivers/STM32H7xx_HAL_Driver/Src/stm32h7xx_hal_uart_ex.o

.debug_loclists
                0x00000000    0x14e48
 .debug_loclists
                0x00000000      0x8a0 ./Core/Src/B3_Voice.o
 .debug_loclists
                0x000008a0      0x2d0 ./Core/Src/main.o
 .debug_loclists
                0x00000b70      0x4bf ./Core/Src/midi.o
 .debug_loclists
                0x0000102f      0x117 ./Core/Src/stm32h7xx_hal_msp.o
 .debug_loclists
                0x00001146      0x103 ./Core/Src/system_stm32h7xx.o
 .debug_loclists
                0x00001249      0x25b ./Drivers/STM32H7xx_HAL_Driver/Src/stm32h7xx_hal.o
 .debug_loclists
                0x000014a4     0x1717 ./Drivers/STM32H7xx_HAL_Driver/Src/stm32h7xx_hal_adc.o
 .debug_loclists
                0x00002bbb     0x19e5 ./Drivers/STM32H7xx_HAL_Driver/Src/stm32h7xx_hal_adc_ex.o
 .debug_loclists
                0x000045a0      0x4df ./Drivers/STM32H7xx_HAL_Driver/Src/stm32h7xx_hal_cortex.o
 .debug_loclists
                0x00004a7f      0x64a ./Drivers/STM32H7xx_HAL_Driver/Src/stm32h7xx_hal_dac.o
 .debug_loclists
                0x000050c9      0x682 ./Drivers/STM32H7xx_HAL_Driver/Src/stm32h7xx_hal_dac_ex.o
 .debug_loclists
                0x0000574b     0x15ee ./Drivers/STM32H7xx_HAL_Driver/Src/stm32h7xx_hal_dma.o
 .debug_loclists
                0x00006d39      0x319 ./Drivers/STM32H7xx_HAL_Driver/Src/stm32h7xx_hal_gpio.o
 .debug_loclists
                0x00007052      0x2e8 ./Drivers/STM32H7xx_HAL_Driver/Src/stm32h7xx_hal_pwr_ex.o
 .debug_loclists
                0x0000733a      0x716 ./Drivers/STM32H7xx_HAL_Driver/Src/stm32h7xx_hal_rcc.o
 .debug_loclists
                0x00007a50     0x153a ./Drivers/STM32H7xx_HAL_Driver/Src/stm32h7xx_hal_rcc_ex.o
 .debug_loclists
                0x00008f8a     0x11e1 ./Drivers/STM32H7xx_HAL_Driver/Src/stm32h7xx_hal_spi.o
 .debug_loclists
                0x0000a16b     0x4909 ./Drivers/STM32H7xx_HAL_Driver/Src/stm32h7xx_hal_tim.o
 .debug_loclists
                0x0000ea74     0x116e ./Drivers/STM32H7xx_HAL_Driver/Src/stm32h7xx_hal_tim_ex.o
 .debug_loclists
                0x0000fbe2     0x4972 ./Drivers/STM32H7xx_HAL_Driver/Src/stm32h7xx_hal_uart.o
 .debug_loclists
                0x00014554      0x8f4 ./Drivers/STM32H7xx_HAL_Driver/Src/stm32h7xx_hal_uart_ex.o

.debug_aranges  0x00000000     0x15b8
 .debug_aranges
                0x00000000       0x80 ./Core/Src/B3_Voice.o
 .debug_aranges
                0x00000080       0x90 ./Core/Src/main.o
 .debug_aranges
                0x00000110       0x50 ./Core/Src/midi.o
 .debug_aranges
                0x00000160       0x70 ./Core/Src/stm32h7xx_hal_msp.o
 .debug_aranges
                0x000001d0       0x90 ./Core/Src/stm32h7xx_it.o
 .debug_aranges
                0x00000260       0x28 ./Core/Src/system_stm32h7xx.o
 .debug_aranges
                0x00000288       0x28 ./Core/Startup/startup_stm32h750vbtx.o
 .debug_aranges
                0x000002b0      0x198 ./Drivers/STM32H7xx_HAL_Driver/Src/stm32h7xx_hal.o
 .debug_aranges
                0x00000448      0x100 ./Drivers/STM32H7xx_HAL_Driver/Src/stm32h7xx_hal_adc.o
 .debug_aranges
                0x00000548      0x108 ./Drivers/STM32H7xx_HAL_Driver/Src/stm32h7xx_hal_adc_ex.o
 .debug_aranges
                0x00000650       0xc0 ./Drivers/STM32H7xx_HAL_Driver/Src/stm32h7xx_hal_cortex.o
 .debug_aranges
                0x00000710       0xc0 ./Drivers/STM32H7xx_HAL_Driver/Src/stm32h7xx_hal_dac.o
 .debug_aranges
                0x000007d0       0xa8 ./Drivers/STM32H7xx_HAL_Driver/Src/stm32h7xx_hal_dac_ex.o
 .debug_aranges
                0x00000878       0x88 ./Drivers/STM32H7xx_HAL_Driver/Src/stm32h7xx_hal_dma.o
 .debug_aranges
                0x00000900       0x58 ./Drivers/STM32H7xx_HAL_Driver/Src/stm32h7xx_hal_gpio.o
 .debug_aranges
                0x00000958      0x158 ./Drivers/STM32H7xx_HAL_Driver/Src/stm32h7xx_hal_pwr_ex.o
 .debug_aranges
                0x00000ab0       0x90 ./Drivers/STM32H7xx_HAL_Driver/Src/stm32h7xx_hal_rcc.o
 .debug_aranges
                0x00000b40       0xf8 ./Drivers/STM32H7xx_HAL_Driver/Src/stm32h7xx_hal_rcc_ex.o
 .debug_aranges
                0x00000c38      0x198 ./Drivers/STM32H7xx_HAL_Driver/Src/stm32h7xx_hal_spi.o
 .debug_aranges
                0x00000dd0      0x390 ./Drivers/STM32H7xx_HAL_Driver/Src/stm32h7xx_hal_tim.o
 .debug_aranges
                0x00001160      0x180 ./Drivers/STM32H7xx_HAL_Driver/Src/stm32h7xx_hal_tim_ex.o
 .debug_aranges
                0x000012e0      0x240 ./Drivers/STM32H7xx_HAL_Driver/Src/stm32h7xx_hal_uart.o
 .debug_aranges
                0x00001520       0x98 ./Drivers/STM32H7xx_HAL_Driver/Src/stm32h7xx_hal_uart_ex.o

.debug_rnglists
                0x00000000     0x280d
 .debug_rnglists
                0x00000000      0x12e ./Core/Src/B3_Voice.o
 .debug_rnglists
                0x0000012e      0x159 ./Core/Src/main.o
 .debug_rnglists
                0x00000287       0x6c ./Core/Src/midi.o
 .debug_rnglists
                0x000002f3       0xda ./Core/Src/stm32h7xx_hal_msp.o
 .debug_rnglists
                0x000003cd       0x67 ./Core/Src/stm32h7xx_it.o
 .debug_rnglists
                0x00000434       0x1b ./Core/Src/system_stm32h7xx.o
 .debug_rnglists
                0x0000044f       0x19 ./Core/Startup/startup_stm32h750vbtx.o
 .debug_rnglists
                0x00000468      0x12e ./Drivers/STM32H7xx_HAL_Driver/Src/stm32h7xx_hal.o
 .debug_rnglists
                0x00000596      0x418 ./Drivers/STM32H7xx_HAL_Driver/Src/stm32h7xx_hal_adc.o
 .debug_rnglists
                0x000009ae      0x3fe ./Drivers/STM32H7xx_HAL_Driver/Src/stm32h7xx_hal_adc_ex.o
 .debug_rnglists
                0x00000dac       0xf4 ./Drivers/STM32H7xx_HAL_Driver/Src/stm32h7xx_hal_cortex.o
 .debug_rnglists
                0x00000ea0       0x8d ./Drivers/STM32H7xx_HAL_Driver/Src/stm32h7xx_hal_dac.o
 .debug_rnglists
                0x00000f2d       0x7b ./Drivers/STM32H7xx_HAL_Driver/Src/stm32h7xx_hal_dac_ex.o
 .debug_rnglists
                0x00000fa8      0x1f1 ./Drivers/STM32H7xx_HAL_Driver/Src/stm32h7xx_hal_dma.o
 .debug_rnglists
                0x00001199       0x54 ./Drivers/STM32H7xx_HAL_Driver/Src/stm32h7xx_hal_gpio.o
 .debug_rnglists
                0x000011ed      0x149 ./Drivers/STM32H7xx_HAL_Driver/Src/stm32h7xx_hal_pwr_ex.o
 .debug_rnglists
                0x00001336      0x15a ./Drivers/STM32H7xx_HAL_Driver/Src/stm32h7xx_hal_rcc.o
 .debug_rnglists
                0x00001490      0x22b ./Drivers/STM32H7xx_HAL_Driver/Src/stm32h7xx_hal_rcc_ex.o
 .debug_rnglists
                0x000016bb      0x1c4 ./Drivers/STM32H7xx_HAL_Driver/Src/stm32h7xx_hal_spi.o
 .debug_rnglists
                0x0000187f      0x637 ./Drivers/STM32H7xx_HAL_Driver/Src/stm32h7xx_hal_tim.o
 .debug_rnglists
                0x00001eb6      0x1fa ./Drivers/STM32H7xx_HAL_Driver/Src/stm32h7xx_hal_tim_ex.o
 .debug_rnglists
                0x000020b0      0x6b8 ./Drivers/STM32H7xx_HAL_Driver/Src/stm32h7xx_hal_uart.o
 .debug_rnglists
                0x00002768       0xa5 ./Drivers/STM32H7xx_HAL_Driver/Src/stm32h7xx_hal_uart_ex.o

.debug_macro    0x00000000    0x3b0a3
 .debug_macro   0x00000000      0x32c ./Core/Src/B3_Voice.o
 .debug_macro   0x0000032c      0xaf0 ./Core/Src/B3_Voice.o
 .debug_macro   0x00000e1c       0x22 ./Core/Src/B3_Voice.o
 .debug_macro   0x00000e3e       0x8e ./Core/Src/B3_Voice.o
 .debug_macro   0x00000ecc       0x51 ./Core/Src/B3_Voice.o
 .debug_macro   0x00000f1d      0x103 ./Core/Src/B3_Voice.o
 .debug_macro   0x00001020       0x6a ./Core/Src/B3_Voice.o
 .debug_macro   0x0000108a      0x1df ./Core/Src/B3_Voice.o
 .debug_macro   0x00001269       0x10 ./Core/Src/B3_Voice.o
 .debug_macro   0x00001279       0x61 ./Core/Src/B3_Voice.o
 .debug_macro   0x000012da       0x29 ./Core/Src/B3_Voice.o
 .debug_macro   0x00001303       0x43 ./Core/Src/B3_Voice.o
 .debug_macro   0x00001346       0x34 ./Core/Src/B3_Voice.o
 .debug_macro   0x0000137a      0x189 ./Core/Src/B3_Voice.o
 .debug_macro   0x00001503       0x16 ./Core/Src/B3_Voice.o
 .debug_macro   0x00001519       0x43 ./Core/Src/B3_Voice.o
 .debug_macro   0x0000155c       0x34 ./Core/Src/B3_Voice.o
 .debug_macro   0x00001590       0x10 ./Core/Src/B3_Voice.o
 .debug_macro   0x000015a0       0x58 ./Core/Src/B3_Voice.o
 .debug_macro   0x000015f8       0x8e ./Core/Src/B3_Voice.o
 .debug_macro   0x00001686       0x1c ./Core/Src/B3_Voice.o
 .debug_macro   0x000016a2      0x177 ./Core/Src/B3_Voice.o
 .debug_macro   0x00001819      0x369 ./Core/Src/B3_Voice.o
 .debug_macro   0x00001b82      0x19b ./Core/Src/B3_Voice.o
 .debug_macro   0x00001d1d       0x22 ./Core/Src/B3_Voice.o
 .debug_macro   0x00001d3f      0x24a ./Core/Src/B3_Voice.o
 .debug_macro   0x00001f89       0x2e ./Core/Src/B3_Voice.o
 .debug_macro   0x00001fb7       0x3b ./Core/Src/B3_Voice.o
 .debug_macro   0x00001ff2       0x1c ./Core/Src/B3_Voice.o
 .debug_macro   0x0000200e       0x22 ./Core/Src/B3_Voice.o
 .debug_macro   0x00002030       0xfb ./Core/Src/B3_Voice.o
 .debug_macro   0x0000212b     0x1305 ./Core/Src/B3_Voice.o
 .debug_macro   0x00003430      0x11f ./Core/Src/B3_Voice.o
 .debug_macro   0x0000354f       0x27 ./Core/Src/B3_Voice.o
 .debug_macro   0x00003576    0x25eee ./Core/Src/B3_Voice.o
 .debug_macro   0x00029464       0x6d ./Core/Src/B3_Voice.o
 .debug_macro   0x000294d1     0x3d79 ./Core/Src/B3_Voice.o
 .debug_macro   0x0002d24a       0x5d ./Core/Src/B3_Voice.o
 .debug_macro   0x0002d2a7     0x240e ./Core/Src/B3_Voice.o
 .debug_macro   0x0002f6b5     0x102c ./Core/Src/B3_Voice.o
 .debug_macro   0x000306e1      0x154 ./Core/Src/B3_Voice.o
 .debug_macro   0x00030835      0x114 ./Core/Src/B3_Voice.o
 .debug_macro   0x00030949      0x3b6 ./Core/Src/B3_Voice.o
 .debug_macro   0x00030cff       0xac ./Core/Src/B3_Voice.o
 .debug_macro   0x00030dab      0x72d ./Core/Src/B3_Voice.o
 .debug_macro   0x000314d8      0x228 ./Core/Src/B3_Voice.o
 .debug_macro   0x00031700       0x66 ./Core/Src/B3_Voice.o
 .debug_macro   0x00031766      0x3bb ./Core/Src/B3_Voice.o
 .debug_macro   0x00031b21      0x3e4 ./Core/Src/B3_Voice.o
 .debug_macro   0x00031f05      0x275 ./Core/Src/B3_Voice.o
 .debug_macro   0x0003217a     0x1044 ./Core/Src/B3_Voice.o
 .debug_macro   0x000331be      0x6cc ./Core/Src/B3_Voice.o
 .debug_macro   0x0003388a      0x36e ./Core/Src/B3_Voice.o
 .debug_macro   0x00033bf8      0x184 ./Core/Src/B3_Voice.o
 .debug_macro   0x00033d7c       0xd8 ./Core/Src/B3_Voice.o
 .debug_macro   0x00033e54      0x3ca ./Core/Src/B3_Voice.o
 .debug_macro   0x0003421e      0x3de ./Core/Src/B3_Voice.o
 .debug_macro   0x000345fc       0x3c ./Core/Src/B3_Voice.o
 .debug_macro   0x00034638       0x4a ./Core/Src/B3_Voice.o
 .debug_macro   0x00034682      0x22c ./Core/Src/B3_Voice.o
 .debug_macro   0x000348ae       0x67 ./Core/Src/B3_Voice.o
 .debug_macro   0x00034915       0xa5 ./Core/Src/B3_Voice.o
 .debug_macro   0x000349ba      0x1c4 ./Core/Src/B3_Voice.o
 .debug_macro   0x00034b7e      0x25e ./Core/Src/B3_Voice.o
 .debug_macro   0x00034ddc       0x35 ./Core/Src/B3_Voice.o
 .debug_macro   0x00034e11      0x5e4 ./Core/Src/B3_Voice.o
 .debug_macro   0x000353f5       0xc1 ./Core/Src/B3_Voice.o
 .debug_macro   0x000354b6      0xafa ./Core/Src/B3_Voice.o
 .debug_macro   0x00035fb0      0x29f ./Core/Src/B3_Voice.o
 .debug_macro   0x0003624f      0x693 ./Core/Src/B3_Voice.o
 .debug_macro   0x000368e2       0xa6 ./Core/Src/B3_Voice.o
 .debug_macro   0x00036988      0x5a0 ./Core/Src/B3_Voice.o
 .debug_macro   0x00036f28      0x34f ./Core/Src/main.o
 .debug_macro   0x00037277       0x64 ./Core/Src/main.o
 .debug_macro   0x000372db      0x310 ./Core/Src/midi.o
 .debug_macro   0x000375eb      0x329 ./Core/Src/stm32h7xx_hal_msp.o
 .debug_macro   0x00037914      0x333 ./Core/Src/stm32h7xx_it.o
 .debug_macro   0x00037c47      0x2fe ./Core/Src/system_stm32h7xx.o
 .debug_macro   0x00037f45      0x328 ./Drivers/STM32H7xx_HAL_Driver/Src/stm32h7xx_hal.o
 .debug_macro   0x0003826d      0x322 ./Drivers/STM32H7xx_HAL_Driver/Src/stm32h7xx_hal_adc.o
 .debug_macro   0x0003858f      0x30a ./Drivers/STM32H7xx_HAL_Driver/Src/stm32h7xx_hal_adc_ex.o
 .debug_macro   0x00038899      0x2fe ./Drivers/STM32H7xx_HAL_Driver/Src/stm32h7xx_hal_cortex.o
 .debug_macro   0x00038b97      0x306 ./Drivers/STM32H7xx_HAL_Driver/Src/stm32h7xx_hal_dac.o
 .debug_macro   0x00038e9d      0x304 ./Drivers/STM32H7xx_HAL_Driver/Src/stm32h7xx_hal_dac_ex.o
 .debug_macro   0x000391a1      0x352 ./Drivers/STM32H7xx_HAL_Driver/Src/stm32h7xx_hal_dma.o
 .debug_macro   0x000394f3      0x305 ./Drivers/STM32H7xx_HAL_Driver/Src/stm32h7xx_hal_gpio.o
 .debug_macro   0x000397f8      0x337 ./Drivers/STM32H7xx_HAL_Driver/Src/stm32h7xx_hal_pwr_ex.o
 .debug_macro   0x00039b2f      0x322 ./Drivers/STM32H7xx_HAL_Driver/Src/stm32h7xx_hal_rcc.o
 .debug_macro   0x00039e51      0x31c ./Drivers/STM32H7xx_HAL_Driver/Src/stm32h7xx_hal_rcc_ex.o
 .debug_macro   0x0003a16d      0x306 ./Drivers/STM32H7xx_HAL_Driver/Src/stm32h7xx_hal_spi.o
 .debug_macro   0x0003a473      0x2ff ./Drivers/STM32H7xx_HAL_Driver/Src/stm32h7xx_hal_tim.o
 .debug_macro   0x0003a772      0x2fe ./Drivers/STM32H7xx_HAL_Driver/Src/stm32h7xx_hal_tim_ex.o
 .debug_macro   0x0003aa70      0x329 ./Drivers/STM32H7xx_HAL_Driver/Src/stm32h7xx_hal_uart.o
 .debug_macro   0x0003ad99      0x30a ./Drivers/STM32H7xx_HAL_Driver/Src/stm32h7xx_hal_uart_ex.o

.debug_line     0x00000000    0x31a2d
 .debug_line    0x00000000     0x18ab ./Core/Src/B3_Voice.o
 .debug_line    0x000018ab     0x19ed ./Core/Src/main.o
 .debug_line    0x00003298     0x1330 ./Core/Src/midi.o
 .debug_line    0x000045c8     0x1037 ./Core/Src/stm32h7xx_hal_msp.o
 .debug_line    0x000055ff      0xcec ./Core/Src/stm32h7xx_it.o
 .debug_line    0x000062eb      0xd9f ./Core/Src/system_stm32h7xx.o
 .debug_line    0x0000708a       0x7a ./Core/Startup/startup_stm32h750vbtx.o
 .debug_line    0x00007104     0x12e4 ./Drivers/STM32H7xx_HAL_Driver/Src/stm32h7xx_hal.o
 .debug_line    0x000083e8     0x33cf ./Drivers/STM32H7xx_HAL_Driver/Src/stm32h7xx_hal_adc.o
 .debug_line    0x0000b7b7     0x3362 ./Drivers/STM32H7xx_HAL_Driver/Src/stm32h7xx_hal_adc_ex.o
 .debug_line    0x0000eb19     0x119e ./Drivers/STM32H7xx_HAL_Driver/Src/stm32h7xx_hal_cortex.o
 .debug_line    0x0000fcb7     0x1418 ./Drivers/STM32H7xx_HAL_Driver/Src/stm32h7xx_hal_dac.o
 .debug_line    0x000110cf     0x14ba ./Drivers/STM32H7xx_HAL_Driver/Src/stm32h7xx_hal_dac_ex.o
 .debug_line    0x00012589     0x2e52 ./Drivers/STM32H7xx_HAL_Driver/Src/stm32h7xx_hal_dma.o
 .debug_line    0x000153db     0x1175 ./Drivers/STM32H7xx_HAL_Driver/Src/stm32h7xx_hal_gpio.o
 .debug_line    0x00016550     0x1479 ./Drivers/STM32H7xx_HAL_Driver/Src/stm32h7xx_hal_pwr_ex.o
 .debug_line    0x000179c9     0x1f43 ./Drivers/STM32H7xx_HAL_Driver/Src/stm32h7xx_hal_rcc.o
 .debug_line    0x0001990c     0x2b42 ./Drivers/STM32H7xx_HAL_Driver/Src/stm32h7xx_hal_rcc_ex.o
 .debug_line    0x0001c44e     0x3518 ./Drivers/STM32H7xx_HAL_Driver/Src/stm32h7xx_hal_spi.o
 .debug_line    0x0001f966     0x6d36 ./Drivers/STM32H7xx_HAL_Driver/Src/stm32h7xx_hal_tim.o
 .debug_line    0x0002669c     0x26a6 ./Drivers/STM32H7xx_HAL_Driver/Src/stm32h7xx_hal_tim_ex.o
 .debug_line    0x00028d42     0x7528 ./Drivers/STM32H7xx_HAL_Driver/Src/stm32h7xx_hal_uart.o
 .debug_line    0x0003026a     0x17c3 ./Drivers/STM32H7xx_HAL_Driver/Src/stm32h7xx_hal_uart_ex.o

.debug_str      0x00000000   0x17f34e
 .debug_str     0x00000000   0x1768a4 ./Core/Src/B3_Voice.o
                             0x176f5e (size before relaxing)
 .debug_str     0x001768a4     0x2632 ./Core/Src/main.o
                             0x1797e9 (size before relaxing)
 .debug_str     0x00178ed6       0x6f ./Core/Src/midi.o
                             0x17744c (size before relaxing)
 .debug_str     0x00178f45      0x167 ./Core/Src/stm32h7xx_hal_msp.o
                             0x178d65 (size before relaxing)
 .debug_str     0x001790ac      0x1a5 ./Core/Src/stm32h7xx_it.o
                             0x177b96 (size before relaxing)
 .debug_str     0x00179251      0x33a ./Core/Src/system_stm32h7xx.o
                             0x17719f (size before relaxing)
 .debug_str     0x0017958b       0x44 ./Core/Startup/startup_stm32h750vbtx.o
                                 0x65 (size before relaxing)
 .debug_str     0x001795cf      0x7c3 ./Drivers/STM32H7xx_HAL_Driver/Src/stm32h7xx_hal.o
                             0x1780c4 (size before relaxing)
 .debug_str     0x00179d92      0xad2 ./Drivers/STM32H7xx_HAL_Driver/Src/stm32h7xx_hal_adc.o
                             0x177f3e (size before relaxing)
 .debug_str     0x0017a864      0x822 ./Drivers/STM32H7xx_HAL_Driver/Src/stm32h7xx_hal_adc_ex.o
                             0x177f7d (size before relaxing)
 .debug_str     0x0017b086      0x2b9 ./Drivers/STM32H7xx_HAL_Driver/Src/stm32h7xx_hal_cortex.o
                             0x177aff (size before relaxing)
 .debug_str     0x0017b33f      0x1e0 ./Drivers/STM32H7xx_HAL_Driver/Src/stm32h7xx_hal_dac.o
                             0x177449 (size before relaxing)
 .debug_str     0x0017b51f      0x207 ./Drivers/STM32H7xx_HAL_Driver/Src/stm32h7xx_hal_dac_ex.o
                             0x177481 (size before relaxing)
 .debug_str     0x0017b726      0x830 ./Drivers/STM32H7xx_HAL_Driver/Src/stm32h7xx_hal_dma.o
                             0x1778d9 (size before relaxing)
 .debug_str     0x0017bf56       0xb3 ./Drivers/STM32H7xx_HAL_Driver/Src/stm32h7xx_hal_gpio.o
                             0x177156 (size before relaxing)
 .debug_str     0x0017c009      0x624 ./Drivers/STM32H7xx_HAL_Driver/Src/stm32h7xx_hal_pwr_ex.o
                             0x177617 (size before relaxing)
 .debug_str     0x0017c62d      0x21a ./Drivers/STM32H7xx_HAL_Driver/Src/stm32h7xx_hal_rcc.o
                             0x17753a (size before relaxing)
 .debug_str     0x0017c847      0x626 ./Drivers/STM32H7xx_HAL_Driver/Src/stm32h7xx_hal_rcc_ex.o
                             0x177a1b (size before relaxing)
 .debug_str     0x0017ce6d      0x533 ./Drivers/STM32H7xx_HAL_Driver/Src/stm32h7xx_hal_spi.o
                             0x17785e (size before relaxing)
 .debug_str     0x0017d3a0      0xe1b ./Drivers/STM32H7xx_HAL_Driver/Src/stm32h7xx_hal_tim.o
                             0x1782d9 (size before relaxing)
 .debug_str     0x0017e1bb      0x587 ./Drivers/STM32H7xx_HAL_Driver/Src/stm32h7xx_hal_tim_ex.o
                             0x177c01 (size before relaxing)
 .debug_str     0x0017e742      0x9a6 ./Drivers/STM32H7xx_HAL_Driver/Src/stm32h7xx_hal_uart.o
                             0x17808c (size before relaxing)
 .debug_str     0x0017f0e8      0x266 ./Drivers/STM32H7xx_HAL_Driver/Src/stm32h7xx_hal_uart_ex.o
                             0x17763b (size before relaxing)

.comment        0x00000000       0x43
 .comment       0x00000000       0x43 ./Core/Src/B3_Voice.o
                                 0x44 (size before relaxing)
 .comment       0x00000043       0x44 ./Core/Src/main.o
 .comment       0x00000043       0x44 ./Core/Src/midi.o
 .comment       0x00000043       0x44 ./Core/Src/stm32h7xx_hal_msp.o
 .comment       0x00000043       0x44 ./Core/Src/stm32h7xx_it.o
 .comment       0x00000043       0x44 ./Core/Src/system_stm32h7xx.o
 .comment       0x00000043       0x44 ./Drivers/STM32H7xx_HAL_Driver/Src/stm32h7xx_hal.o
 .comment       0x00000043       0x44 ./Drivers/STM32H7xx_HAL_Driver/Src/stm32h7xx_hal_adc.o
 .comment       0x00000043       0x44 ./Drivers/STM32H7xx_HAL_Driver/Src/stm32h7xx_hal_adc_ex.o
 .comment       0x00000043       0x44 ./Drivers/STM32H7xx_HAL_Driver/Src/stm32h7xx_hal_cortex.o
 .comment       0x00000043       0x44 ./Drivers/STM32H7xx_HAL_Driver/Src/stm32h7xx_hal_dac.o
 .comment       0x00000043       0x44 ./Drivers/STM32H7xx_HAL_Driver/Src/stm32h7xx_hal_dac_ex.o
 .comment       0x00000043       0x44 ./Drivers/STM32H7xx_HAL_Driver/Src/stm32h7xx_hal_dma.o
 .comment       0x00000043       0x44 ./Drivers/STM32H7xx_HAL_Driver/Src/stm32h7xx_hal_gpio.o
 .comment       0x00000043       0x44 ./Drivers/STM32H7xx_HAL_Driver/Src/stm32h7xx_hal_pwr_ex.o
 .comment       0x00000043       0x44 ./Drivers/STM32H7xx_HAL_Driver/Src/stm32h7xx_hal_rcc.o
 .comment       0x00000043       0x44 ./Drivers/STM32H7xx_HAL_Driver/Src/stm32h7xx_hal_rcc_ex.o
 .comment       0x00000043       0x44 ./Drivers/STM32H7xx_HAL_Driver/Src/stm32h7xx_hal_spi.o
 .comment       0x00000043       0x44 ./Drivers/STM32H7xx_HAL_Driver/Src/stm32h7xx_hal_tim.o
 .comment       0x00000043       0x44 ./Drivers/STM32H7xx_HAL_Driver/Src/stm32h7xx_hal_tim_ex.o
 .comment       0x00000043       0x44 ./Drivers/STM32H7xx_HAL_Driver/Src/stm32h7xx_hal_uart.o
 .comment       0x00000043       0x44 ./Drivers/STM32H7xx_HAL_Driver/Src/stm32h7xx_hal_uart_ex.o

.debug_frame    0x00000000     0x4284
 .debug_frame   0x00000000      0x134 ./Core/Src/B3_Voice.o
 .debug_frame   0x00000134      0x1e4 ./Core/Src/main.o
 .debug_frame   0x00000318       0xac ./Core/Src/midi.o
 .debug_frame   0x000003c4      0x174 ./Core/Src/stm32h7xx_hal_msp.o
 .debug_frame   0x00000538      0x10c ./Core/Src/stm32h7xx_it.o