../Core/Src/main.c:143:7:random_num	8	static
../Core/Src/main.c:117:6:audio_frame_upper	40	static
../Core/Src/main.c:108:6:HAL_DAC_ConvHalfCpltCallbackCh1	0	static
../Core/Src/main.c:126:6:audio_frame_lower	32	static
../Core/Src/main.c:112:6:HAL_DAC_ConvCpltCallbackCh1	0	static
../Core/Src/main.c:136:6:audio_out	0	static
../Core/Src/main.c:140:6:audio_init	0	static
../Core/Src/main.c:216:6:SystemClock_Config	128	static,ignoring_inline_asm
../Core/Src/main.c:153:5:main	72	static,ignoring_inline_asm
../Core/Src/main.c:451:6:Error_Handler	0	static,ignoring_inline_asm
