../Drivers/STM32H7xx_HAL_Driver/Src/stm32h7xx_hal_dac.c:456:13:HAL_DAC_MspInit	0	static
../Drivers/STM32H7xx_HAL_Driver/Src/stm32h7xx_hal_dac.c:350:19:HAL_DAC_Init	8	static
../Drivers/STM32H7xx_HAL_Driver/Src/stm32h7xx_hal_dac.c:472:13:HAL_DAC_MspDeInit	0	static
../Drivers/STM32H7xx_HAL_Driver/Src/stm32h7xx_hal_dac.c:411:19:HAL_DAC_DeInit	8	static
../Drivers/STM32H7xx_HAL_Driver/Src/stm32h7xx_hal_dac.c:514:19:HAL_DAC_Start	8	static
../Drivers/STM32H7xx_HAL_Driver/Src/stm32h7xx_hal_dac.c:575:19:HAL_DAC_Stop	4	static
../Drivers/STM32H7xx_HAL_Driver/Src/stm32h7xx_hal_dac.c:613:19:HAL_DAC_Start_DMA	24	static
../Drivers/STM32H7xx_HAL_Driver/Src/stm32h7xx_hal_dac.c:745:19:HAL_DAC_Stop_DMA	8	static
../Drivers/STM32H7xx_HAL_Driver/Src/stm32h7xx_hal_dac.c:875:19:HAL_DAC_SetValue	16	static
../Drivers/STM32H7xx_HAL_Driver/Src/stm32h7xx_hal_dac.c:915:13:HAL_DAC_ConvCpltCallbackCh1	0	static
../Drivers/STM32H7xx_HAL_Driver/Src/stm32h7xx_hal_dac.c:1526:6:DAC_DMAConvCpltCh1	8	static
../Drivers/STM32H7xx_HAL_Driver/Src/stm32h7xx_hal_dac.c:931:13:HAL_DAC_ConvHalfCpltCallbackCh1	0	static
../Drivers/STM32H7xx_HAL_Driver/Src/stm32h7xx_hal_dac.c:1545:6:DAC_DMAHalfConvCpltCh1	8	static
../Drivers/STM32H7xx_HAL_Driver/Src/stm32h7xx_hal_dac.c:947:13:HAL_DAC_ErrorCallbackCh1	0	static
../Drivers/STM32H7xx_HAL_Driver/Src/stm32h7xx_hal_dac.c:1562:6:DAC_DMAErrorCh1	8	static
../Drivers/STM32H7xx_HAL_Driver/Src/stm32h7xx_hal_dac.c:963:13:HAL_DAC_DMAUnderrunCallbackCh1	0	static
../Drivers/STM32H7xx_HAL_Driver/Src/stm32h7xx_hal_dac.c:799:6:HAL_DAC_IRQHandler	16	static
../Drivers/STM32H7xx_HAL_Driver/Src/stm32h7xx_hal_dac.c:1002:10:HAL_DAC_GetValue	0	static
../Drivers/STM32H7xx_HAL_Driver/Src/stm32h7xx_hal_dac.c:1037:19:HAL_DAC_ConfigChannel	24	static
../Drivers/STM32H7xx_HAL_Driver/Src/stm32h7xx_hal_dac.c:1241:22:HAL_DAC_GetState	0	static
../Drivers/STM32H7xx_HAL_Driver/Src/stm32h7xx_hal_dac.c:1254:10:HAL_DAC_GetError	0	static
