../Drivers/STM32H7xx_HAL_Driver/Src/stm32h7xx_hal_spi.c:3638:13:SPI_RxISR_16BIT	0	static
../Drivers/STM32H7xx_HAL_Driver/Src/stm32h7xx_hal_spi.c:3682:13:SPI_RxISR_32BIT	4	static
../Drivers/STM32H7xx_HAL_Driver/Src/stm32h7xx_hal_spi.c:3762:13:SPI_TxISR_16BIT	0	static
../Drivers/STM32H7xx_HAL_Driver/Src/stm32h7xx_hal_spi.c:3810:13:SPI_TxISR_32BIT	0	static
../Drivers/STM32H7xx_HAL_Driver/Src/stm32h7xx_hal_spi.c:3852:13:SPI_AbortTransfer	4	static
../Drivers/STM32H7xx_HAL_Driver/Src/stm32h7xx_hal_spi.c:3891:13:SPI_CloseTransfer	4	static
../Drivers/STM32H7xx_HAL_Driver/Src/stm32h7xx_hal_spi.c:3600:13:SPI_RxISR_8BIT	0	static
../Drivers/STM32H7xx_HAL_Driver/Src/stm32h7xx_hal_spi.c:3720:13:SPI_TxISR_8BIT	0	static
../Drivers/STM32H7xx_HAL_Driver/Src/stm32h7xx_hal_spi.c:533:13:HAL_SPI_MspInit	0	static
../Drivers/STM32H7xx_HAL_Driver/Src/stm32h7xx_hal_spi.c:239:19:HAL_SPI_Init	32	static
../Drivers/STM32H7xx_HAL_Driver/Src/stm32h7xx_hal_spi.c:549:13:HAL_SPI_MspDeInit	0	static
../Drivers/STM32H7xx_HAL_Driver/Src/stm32h7xx_hal_spi.c:489:19:HAL_SPI_DeInit	8	static
../Drivers/STM32H7xx_HAL_Driver/Src/stm32h7xx_hal_spi.c:824:19:HAL_SPI_Transmit	32	static
../Drivers/STM32H7xx_HAL_Driver/Src/stm32h7xx_hal_spi.c:1048:19:HAL_SPI_Receive	32	static
../Drivers/STM32H7xx_HAL_Driver/Src/stm32h7xx_hal_spi.c:1318:19:HAL_SPI_TransmitReceive	48	static
../Drivers/STM32H7xx_HAL_Driver/Src/stm32h7xx_hal_spi.c:1645:19:HAL_SPI_Transmit_IT	8	static
../Drivers/STM32H7xx_HAL_Driver/Src/stm32h7xx_hal_spi.c:1735:19:HAL_SPI_Receive_IT	4	static
../Drivers/STM32H7xx_HAL_Driver/Src/stm32h7xx_hal_spi.c:1830:19:HAL_SPI_TransmitReceive_IT	16	static
../Drivers/STM32H7xx_HAL_Driver/Src/stm32h7xx_hal_spi.c:2086:19:HAL_SPI_Transmit_DMA	16	static
../Drivers/STM32H7xx_HAL_Driver/Src/stm32h7xx_hal_spi.c:2232:19:HAL_SPI_Receive_DMA	24	static
../Drivers/STM32H7xx_HAL_Driver/Src/stm32h7xx_hal_spi.c:2381:19:HAL_SPI_TransmitReceive_DMA	24	static
../Drivers/STM32H7xx_HAL_Driver/Src/stm32h7xx_hal_spi.c:2563:19:HAL_SPI_Abort	16	static
../Drivers/STM32H7xx_HAL_Driver/Src/stm32h7xx_hal_spi.c:2842:19:HAL_SPI_DMAPause	0	static
../Drivers/STM32H7xx_HAL_Driver/Src/stm32h7xx_hal_spi.c:2857:19:HAL_SPI_DMAResume	0	static
../Drivers/STM32H7xx_HAL_Driver/Src/stm32h7xx_hal_spi.c:2872:19:HAL_SPI_DMAStop	0	static
../Drivers/STM32H7xx_HAL_Driver/Src/stm32h7xx_hal_spi.c:3139:13:HAL_SPI_TxCpltCallback	0	static
../Drivers/STM32H7xx_HAL_Driver/Src/stm32h7xx_hal_spi.c:3340:13:SPI_DMATransmitCplt	8	static
../Drivers/STM32H7xx_HAL_Driver/Src/stm32h7xx_hal_spi.c:3155:13:HAL_SPI_RxCpltCallback	0	static
../Drivers/STM32H7xx_HAL_Driver/Src/stm32h7xx_hal_spi.c:3368:13:SPI_DMAReceiveCplt	8	static
../Drivers/STM32H7xx_HAL_Driver/Src/stm32h7xx_hal_spi.c:3171:13:HAL_SPI_TxRxCpltCallback	0	static
../Drivers/STM32H7xx_HAL_Driver/Src/stm32h7xx_hal_spi.c:3396:13:SPI_DMATransmitReceiveCplt	8	static
../Drivers/STM32H7xx_HAL_Driver/Src/stm32h7xx_hal_spi.c:3187:13:HAL_SPI_TxHalfCpltCallback	0	static
../Drivers/STM32H7xx_HAL_Driver/Src/stm32h7xx_hal_spi.c:3424:13:SPI_DMAHalfTransmitCplt	8	static
../Drivers/STM32H7xx_HAL_Driver/Src/stm32h7xx_hal_spi.c:3203:13:HAL_SPI_RxHalfCpltCallback	0	static
../Drivers/STM32H7xx_HAL_Driver/Src/stm32h7xx_hal_spi.c:3442:13:SPI_DMAHalfReceiveCplt	8	static
../Drivers/STM32H7xx_HAL_Driver/Src/stm32h7xx_hal_spi.c:3219:13:HAL_SPI_TxRxHalfCpltCallback	0	static
../Drivers/STM32H7xx_HAL_Driver/Src/stm32h7xx_hal_spi.c:3460:13:SPI_DMAHalfTransmitReceiveCplt	8	static
../Drivers/STM32H7xx_HAL_Driver/Src/stm32h7xx_hal_spi.c:3235:13:HAL_SPI_ErrorCallback	0	static
../Drivers/STM32H7xx_HAL_Driver/Src/stm32h7xx_hal_spi.c:3478:13:SPI_DMAError	8	static
../Drivers/STM32H7xx_HAL_Driver/Src/stm32h7xx_hal_spi.c:3504:13:SPI_DMAAbortOnError	8	static
../Drivers/STM32H7xx_HAL_Driver/Src/stm32h7xx_hal_spi.c:3253:13:HAL_SPI_AbortCpltCallback	0	static
../Drivers/STM32H7xx_HAL_Driver/Src/stm32h7xx_hal_spi.c:2696:19:HAL_SPI_Abort_IT	24	static
../Drivers/STM32H7xx_HAL_Driver/Src/stm32h7xx_hal_spi.c:3565:13:SPI_DMARxAbortCallback	8	static
../Drivers/STM32H7xx_HAL_Driver/Src/stm32h7xx_hal_spi.c:3528:13:SPI_DMATxAbortCallback	8	static
../Drivers/STM32H7xx_HAL_Driver/Src/stm32h7xx_hal_spi.c:3268:13:HAL_SPI_SuspendCallback	0	static
../Drivers/STM32H7xx_HAL_Driver/Src/stm32h7xx_hal_spi.c:2886:6:HAL_SPI_IRQHandler	24	static
../Drivers/STM32H7xx_HAL_Driver/Src/stm32h7xx_hal_spi.c:3303:22:HAL_SPI_GetState	0	static
../Drivers/STM32H7xx_HAL_Driver/Src/stm32h7xx_hal_spi.c:3315:10:HAL_SPI_GetError	0	static
