../Drivers/STM32H7xx_HAL_Driver/Src/stm32h7xx_hal_adc_ex.c:126:19:HAL_ADCEx_Calibration_Start	32	static
../Drivers/STM32H7xx_HAL_Driver/Src/stm32h7xx_hal_adc_ex.c:200:10:HAL_ADCEx_Calibration_GetValue	0	static
../Drivers/STM32H7xx_HAL_Driver/Src/stm32h7xx_hal_adc_ex.c:216:19:HAL_ADCEx_LinearCalibration_GetValue	16	static
../Drivers/STM32H7xx_HAL_Driver/Src/stm32h7xx_hal_adc_ex.c:263:19:HAL_ADCEx_Calibration_SetValue	12	static
../Drivers/STM32H7xx_HAL_Driver/Src/stm32h7xx_hal_adc_ex.c:326:19:HAL_ADCEx_LinearCalibration_SetValue	24	static
../Drivers/STM32H7xx_HAL_Driver/Src/stm32h7xx_hal_adc_ex.c:417:19:HAL_ADCEx_LinearCalibration_FactorLoad	32	static
../Drivers/STM32H7xx_HAL_Driver/Src/stm32h7xx_hal_adc_ex.c:463:19:HAL_ADCEx_InjectedStart	16	static
../Drivers/STM32H7xx_HAL_Driver/Src/stm32h7xx_hal_adc_ex.c:600:19:HAL_ADCEx_InjectedStop	16	static
../Drivers/STM32H7xx_HAL_Driver/Src/stm32h7xx_hal_adc_ex.c:655:19:HAL_ADCEx_InjectedPollForConversion	24	static
../Drivers/STM32H7xx_HAL_Driver/Src/stm32h7xx_hal_adc_ex.c:789:19:HAL_ADCEx_InjectedStart_IT	16	static
../Drivers/STM32H7xx_HAL_Driver/Src/stm32h7xx_hal_adc_ex.c:950:19:HAL_ADCEx_InjectedStop_IT	16	static
../Drivers/STM32H7xx_HAL_Driver/Src/stm32h7xx_hal_adc_ex.c:1019:19:HAL_ADCEx_MultiModeStart_DMA	128	static
../Drivers/STM32H7xx_HAL_Driver/Src/stm32h7xx_hal_adc_ex.c:1156:19:HAL_ADCEx_MultiModeStop_DMA	120	static
../Drivers/STM32H7xx_HAL_Driver/Src/stm32h7xx_hal_adc_ex.c:1280:10:HAL_ADCEx_MultiModeGetValue	0	static
../Drivers/STM32H7xx_HAL_Driver/Src/stm32h7xx_hal_adc_ex.c:1326:10:HAL_ADCEx_InjectedGetValue	0	static
../Drivers/STM32H7xx_HAL_Driver/Src/stm32h7xx_hal_adc_ex.c:1361:13:HAL_ADCEx_InjectedConvCpltCallback	0	static
../Drivers/STM32H7xx_HAL_Driver/Src/stm32h7xx_hal_adc_ex.c:1380:13:HAL_ADCEx_InjectedQueueOverflowCallback	0	static
../Drivers/STM32H7xx_HAL_Driver/Src/stm32h7xx_hal_adc_ex.c:1395:13:HAL_ADCEx_LevelOutOfWindow2Callback	0	static
../Drivers/STM32H7xx_HAL_Driver/Src/stm32h7xx_hal_adc_ex.c:1410:13:HAL_ADCEx_LevelOutOfWindow3Callback	0	static
../Drivers/STM32H7xx_HAL_Driver/Src/stm32h7xx_hal_adc_ex.c:1426:13:HAL_ADCEx_EndOfSamplingCallback	0	static
../Drivers/STM32H7xx_HAL_Driver/Src/stm32h7xx_hal_adc_ex.c:1443:19:HAL_ADCEx_RegularStop	16	static
../Drivers/STM32H7xx_HAL_Driver/Src/stm32h7xx_hal_adc_ex.c:1501:19:HAL_ADCEx_RegularStop_IT	16	static
../Drivers/STM32H7xx_HAL_Driver/Src/stm32h7xx_hal_adc_ex.c:1561:19:HAL_ADCEx_RegularStop_DMA	16	static
../Drivers/STM32H7xx_HAL_Driver/Src/stm32h7xx_hal_adc_ex.c:1647:19:HAL_ADCEx_RegularMultiModeStop_DMA	120	static
../Drivers/STM32H7xx_HAL_Driver/Src/stm32h7xx_hal_adc_ex.c:1831:19:HAL_ADCEx_InjectedConfigChannel	32	static,ignoring_inline_asm
../Drivers/STM32H7xx_HAL_Driver/Src/stm32h7xx_hal_adc_ex.c:2394:19:HAL_ADCEx_MultiModeConfigChannel	120	static
../Drivers/STM32H7xx_HAL_Driver/Src/stm32h7xx_hal_adc_ex.c:2507:19:HAL_ADCEx_EnableInjectedQueue	0	static
../Drivers/STM32H7xx_HAL_Driver/Src/stm32h7xx_hal_adc_ex.c:2548:19:HAL_ADCEx_DisableInjectedQueue	0	static
../Drivers/STM32H7xx_HAL_Driver/Src/stm32h7xx_hal_adc_ex.c:2585:19:HAL_ADCEx_DisableVoltageRegulator	0	static
../Drivers/STM32H7xx_HAL_Driver/Src/stm32h7xx_hal_adc_ex.c:2622:19:HAL_ADCEx_EnterADCDeepPowerDownMode	0	static
