../Core/Src/main.c:127:6:DSP_tick	40	static
../Core/Src/main.c:187:6:HAL_TIM_PeriodElapsedCallback	0	static
../Core/Src/main.c:197:6:HAL_DAC_ConvHalfCpltCallbackCh1	8	static
../Core/Src/main.c:200:6:HAL_DAC_ConvCpltCallbackCh1	8	static
../Core/Src/main.c:204:6:HAL_ADC_ConvCpltCallback	8	static
../Core/Src/main.c:208:6:HAL_GPIO_EXTI_Callback	8	static
../Core/Src/main.c:233:6:audio_frame_upper	8	static
../Core/Src/main.c:239:6:audio_frame_lower	8	static
../Core/Src/main.c:246:6:updateB3Vol	8	static
../Core/Src/main.c:255:6:updateB3Freq	16	static
../Core/Src/main.c:165:6:HAL_UART_RxCpltCallback	16	static
../Core/Src/main.c:362:6:SystemClock_Config	144	static,ignoring_inline_asm
../Core/Src/main.c:427:6:PeriphCommonClock_Config	200	static,ignoring_inline_asm
../Core/Src/main.c:269:5:main	104	static,ignoring_inline_asm
../Core/Src/main.c:839:6:Error_Handler	0	static,ignoring_inline_asm
