../Core/Src/stm32h7xx_hal_msp.c:66:6:HAL_MspInit	8	static
../Core/Src/stm32h7xx_hal_msp.c:88:6:HAL_ADC_MspInit	208	static
../Core/Src/stm32h7xx_hal_msp.c:131:6:HAL_ADC_MspDeInit	0	static
../Core/Src/stm32h7xx_hal_msp.c:156:6:HAL_DAC_MspInit	48	static
../Core/Src/stm32h7xx_hal_msp.c:227:6:HAL_DAC_MspDeInit	8	static
../Core/Src/stm32h7xx_hal_msp.c:259:6:HAL_SPI_MspInit	248	static
../Core/Src/stm32h7xx_hal_msp.c:315:6:HAL_SPI_MspDeInit	8	static
../Core/Src/stm32h7xx_hal_msp.c:347:6:HAL_TIM_Base_MspInit	16	static
../Core/Src/stm32h7xx_hal_msp.c:383:6:HAL_TIM_Base_MspDeInit	0	static
../Core/Src/stm32h7xx_hal_msp.c:419:6:HAL_UART_MspInit	232	static
../Core/Src/stm32h7xx_hal_msp.c:469:6:HAL_UART_MspDeInit	8	static
