../Core/leaf/Src/leaf-dynamics.c:49:6:tCompressor_initToPool	24	static
../Core/leaf/Src/leaf-dynamics.c:44:6:tCompressor_init	0	static
../Core/leaf/Src/leaf-dynamics.c:79:6:tCompressor_free	0	static
../Core/leaf/Src/leaf-dynamics.c:86:8:tCompressor_tick	16	static
../Core/leaf/Src/leaf-dynamics.c:141:8:tCompressor_tickWithTable	0	static
../Core/leaf/Src/leaf-dynamics.c:189:8:tCompressor_tickWithTableHardKnee	0	static
../Core/leaf/Src/leaf-dynamics.c:230:6:tCompressor_setTables	0	static
../Core/leaf/Src/leaf-dynamics.c:257:6:tCompressor_setParams	24	static
../Core/leaf/Src/leaf-dynamics.c:270:6:tCompressor_setSampleRate	0	static
../Core/leaf/Src/leaf-dynamics.c:282:6:tFeedbackLeveler_initToPool	40	static
../Core/leaf/Src/leaf-dynamics.c:277:6:tFeedbackLeveler_init	0	static
../Core/leaf/Src/leaf-dynamics.c:295:6:tFeedbackLeveler_free	8	static
../Core/leaf/Src/leaf-dynamics.c:303:10:tFeedbackLeveler_setStrength	0	static
../Core/leaf/Src/leaf-dynamics.c:310:10:tFeedbackLeveler_setFactor	0	static
../Core/leaf/Src/leaf-dynamics.c:316:10:tFeedbackLeveler_setMode	0	static
../Core/leaf/Src/leaf-dynamics.c:322:10:tFeedbackLeveler_tick	16	static
../Core/leaf/Src/leaf-dynamics.c:331:10:tFeedbackLeveler_sample	0	static
../Core/leaf/Src/leaf-dynamics.c:338:10:tFeedbackLeveler_setTargetLevel	0	static
../Core/leaf/Src/leaf-dynamics.c:350:6:tThreshold_initToPool	24	static
../Core/leaf/Src/leaf-dynamics.c:345:6:tThreshold_init	0	static
../Core/leaf/Src/leaf-dynamics.c:362:6:tThreshold_free	0	static
../Core/leaf/Src/leaf-dynamics.c:369:5:tThreshold_tick	0	static
../Core/leaf/Src/leaf-dynamics.c:385:6:tThreshold_setLow	0	static
../Core/leaf/Src/leaf-dynamics.c:392:6:tThreshold_setHigh	0	static
