../Core/leaf/Src/leaf-reverb.c:67:9:tPRCReverb_free	8	static
../Core/leaf/Src/leaf-reverb.c:77:9:tPRCRevert_clear	8	static
../Core/leaf/Src/leaf-reverb.c:86:9:tPRCReverb_setT60	16	static
../Core/leaf/Src/leaf-reverb.c:27:9:tPRCReverb_initToPool	64	static
../Core/leaf/Src/leaf-reverb.c:22:9:tPRCReverb_init	0	static
../Core/leaf/Src/leaf-reverb.c:97:9:tPRCReverb_setMix	0	static
../Core/leaf/Src/leaf-reverb.c:103:10:tPRCReverb_tick	32	static
../Core/leaf/Src/leaf-reverb.c:137:10:tPRCReverb_setSampleRate	48	static
../Core/leaf/Src/leaf-reverb.c:224:9:tNReverb_free	24	static
../Core/leaf/Src/leaf-reverb.c:241:9:tNReverb_setT60	24	static
../Core/leaf/Src/leaf-reverb.c:179:9:tNReverb_initToPool	128	static
../Core/leaf/Src/leaf-reverb.c:174:9:tNReverb_init	0	static
../Core/leaf/Src/leaf-reverb.c:252:9:tNReverb_setMix	0	static
../Core/leaf/Src/leaf-reverb.c:258:9:tNReverb_clear	24	static
../Core/leaf/Src/leaf-reverb.c:273:10:tNReverb_tick	40	static
../Core/leaf/Src/leaf-reverb.c:330:8:tNReverb_tickStereo	48	static
../Core/leaf/Src/leaf-reverb.c:381:10:tNReverb_setSampleRate	112	static
../Core/leaf/Src/leaf-reverb.c:494:9:tDattorroReverb_free	8	static
../Core/leaf/Src/leaf-reverb.c:536:9:tDattorroReverb_clear	8	static
../Core/leaf/Src/leaf-reverb.c:549:10:tDattorroReverb_tick	56	static
../Core/leaf/Src/leaf-reverb.c:659:8:tDattorroReverb_tickStereo	64	static
../Core/leaf/Src/leaf-reverb.c:778:9:tDattorroReverb_setMix	0	static
../Core/leaf/Src/leaf-reverb.c:784:9:tDattorroReverb_setFreeze	16	static
../Core/leaf/Src/leaf-reverb.c:814:9:tDattorroReverb_setHP	16	static
../Core/leaf/Src/leaf-reverb.c:823:9:tDattorroReverb_setSize	8	static
../Core/leaf/Src/leaf-reverb.c:855:9:tDattorroReverb_setInputDelay	0	static
../Core/leaf/Src/leaf-reverb.c:864:9:tDattorroReverb_setInputFilter	0	static
../Core/leaf/Src/leaf-reverb.c:873:9:tDattorroReverb_setFeedbackFilter	8	static
../Core/leaf/Src/leaf-reverb.c:433:9:tDattorroReverb_initToPool	48	static
../Core/leaf/Src/leaf-reverb.c:428:9:tDattorroReverb_init	0	static
../Core/leaf/Src/leaf-reverb.c:883:9:tDattorroReverb_setFeedbackGain	0	static
../Core/leaf/Src/leaf-reverb.c:889:9:tDattorroReverb_setSampleRate	80	static
