../Core/leaf/Src/leaf-delay.c:50:6:tDelay_free	8	static
../Core/leaf/Src/leaf-delay.c:58:9:tDelay_clear	8	static
../Core/leaf/Src/leaf-delay.c:67:10:tDelay_tick	0	static
../Core/leaf/Src/leaf-delay.c:83:10:tDelay_setDelay	8	static
../Core/leaf/Src/leaf-delay.c:27:9:tDelay_initToPool	24	static
../Core/leaf/Src/leaf-delay.c:22:9:tDelay_init	0	static
../Core/leaf/Src/leaf-delay.c:94:8:tDelay_tapOut	0	static
../Core/leaf/Src/leaf-delay.c:107:6:tDelay_tapIn	0	static
../Core/leaf/Src/leaf-delay.c:119:8:tDelay_addTo	0	static
../Core/leaf/Src/leaf-delay.c:131:12:tDelay_getDelay	0	static
../Core/leaf/Src/leaf-delay.c:137:10:tDelay_getLastOut	0	static
../Core/leaf/Src/leaf-delay.c:143:10:tDelay_getLastIn	0	static
../Core/leaf/Src/leaf-delay.c:149:6:tDelay_setGain	0	static
../Core/leaf/Src/leaf-delay.c:156:8:tDelay_getGain	0	static
../Core/leaf/Src/leaf-delay.c:193:6:tLinearDelay_free	8	static
../Core/leaf/Src/leaf-delay.c:201:9:tLinearDelay_clear	8	static
../Core/leaf/Src/leaf-delay.c:210:10:tLinearDelay_tick	8	static
../Core/leaf/Src/leaf-delay.c:234:8:tLinearDelay_tickIn	0	static
../Core/leaf/Src/leaf-delay.c:244:10:tLinearDelay_tickOut	8	static
../Core/leaf/Src/leaf-delay.c:264:10:tLinearDelay_setDelay	0	static
../Core/leaf/Src/leaf-delay.c:168:6:tLinearDelay_initToPool	32	static
../Core/leaf/Src/leaf-delay.c:163:8:tLinearDelay_init	0	static
../Core/leaf/Src/leaf-delay.c:283:8:tLinearDelay_tapOut	0	static
../Core/leaf/Src/leaf-delay.c:294:8:tLinearDelay_tapOutInterpolated	0	static
../Core/leaf/Src/leaf-delay.c:317:6:tLinearDelay_tapIn	0	static
../Core/leaf/Src/leaf-delay.c:329:8:tLinearDelay_addTo	0	static
../Core/leaf/Src/leaf-delay.c:341:10:tLinearDelay_getDelay	0	static
../Core/leaf/Src/leaf-delay.c:347:10:tLinearDelay_getLastOut	0	static
../Core/leaf/Src/leaf-delay.c:353:10:tLinearDelay_getLastIn	0	static
../Core/leaf/Src/leaf-delay.c:359:6:tLinearDelay_setGain	0	static
../Core/leaf/Src/leaf-delay.c:366:8:tLinearDelay_getGain	0	static
../Core/leaf/Src/leaf-delay.c:424:6:tHermiteDelay_free	8	static
../Core/leaf/Src/leaf-delay.c:433:9:tHermiteDelay_clear	8	static
../Core/leaf/Src/leaf-delay.c:442:10:tHermiteDelay_tick	24	static
../Core/leaf/Src/leaf-delay.c:466:8:tHermiteDelay_tickIn	0	static
../Core/leaf/Src/leaf-delay.c:476:10:tHermiteDelay_tickOut	24	static
../Core/leaf/Src/leaf-delay.c:496:6:tHermiteDelay_setDelay	0	static
../Core/leaf/Src/leaf-delay.c:380:6:tHermiteDelay_initToPool	32	static
../Core/leaf/Src/leaf-delay.c:375:6:tHermiteDelay_init	0	static
../Core/leaf/Src/leaf-delay.c:513:8:tHermiteDelay_tapOut	0	static
../Core/leaf/Src/leaf-delay.c:523:10:tHermiteDelay_tapOutInterpolated	16	static
../Core/leaf/Src/leaf-delay.c:536:6:tHermiteDelay_tapIn	0	static
../Core/leaf/Src/leaf-delay.c:545:8:tHermiteDelay_addTo	0	static
../Core/leaf/Src/leaf-delay.c:554:10:tHermiteDelay_getDelay	0	static
../Core/leaf/Src/leaf-delay.c:560:10:tHermiteDelay_getLastOut	0	static
../Core/leaf/Src/leaf-delay.c:566:10:tHermiteDelay_getLastIn	0	static
../Core/leaf/Src/leaf-delay.c:572:6:tHermiteDelay_setGain	0	static
../Core/leaf/Src/leaf-delay.c:579:8:tHermiteDelay_getGain	0	static
../Core/leaf/Src/leaf-delay.c:637:6:tLagrangeDelay_free	8	static
../Core/leaf/Src/leaf-delay.c:646:9:tLagrangeDelay_clear	8	static
../Core/leaf/Src/leaf-delay.c:655:10:tLagrangeDelay_tick	12	static
../Core/leaf/Src/leaf-delay.c:681:8:tLagrangeDelay_tickIn	0	static
../Core/leaf/Src/leaf-delay.c:691:10:tLagrangeDelay_tickOut	12	static
../Core/leaf/Src/leaf-delay.c:711:6:tLagrangeDelay_setDelay	0	static
../Core/leaf/Src/leaf-delay.c:594:6:tLagrangeDelay_initToPool	32	static
../Core/leaf/Src/leaf-delay.c:589:6:tLagrangeDelay_init	0	static
../Core/leaf/Src/leaf-delay.c:741:8:tLagrangeDelay_tapOut	0	static
../Core/leaf/Src/leaf-delay.c:751:10:tLagrangeDelay_tapOutInterpolated	8	static
../Core/leaf/Src/leaf-delay.c:778:6:tLagrangeDelay_tapIn	0	static
../Core/leaf/Src/leaf-delay.c:787:8:tLagrangeDelay_addTo	0	static
../Core/leaf/Src/leaf-delay.c:796:10:tLagrangeDelay_getDelay	0	static
../Core/leaf/Src/leaf-delay.c:803:10:tLagrangeDelay_getMaxDelay	0	static
../Core/leaf/Src/leaf-delay.c:809:10:tLagrangeDelay_getLastOut	0	static
../Core/leaf/Src/leaf-delay.c:815:10:tLagrangeDelay_getLastIn	0	static
../Core/leaf/Src/leaf-delay.c:858:6:tAllpassDelay_free	8	static
../Core/leaf/Src/leaf-delay.c:866:6:tAllpassDelay_clear	8	static
../Core/leaf/Src/leaf-delay.c:875:8:tAllpassDelay_tick	0	static
../Core/leaf/Src/leaf-delay.c:898:10:tAllpassDelay_setDelay	0	static
../Core/leaf/Src/leaf-delay.c:831:6:tAllpassDelay_initToPool	32	static
../Core/leaf/Src/leaf-delay.c:826:6:tAllpassDelay_init	0	static
../Core/leaf/Src/leaf-delay.c:930:8:tAllpassDelay_tapOut	0	static
../Core/leaf/Src/leaf-delay.c:943:6:tAllpassDelay_tapIn	0	static
../Core/leaf/Src/leaf-delay.c:955:8:tAllpassDelay_addTo	0	static
../Core/leaf/Src/leaf-delay.c:967:10:tAllpassDelay_getDelay	0	static
../Core/leaf/Src/leaf-delay.c:973:10:tAllpassDelay_getLastOut	0	static
../Core/leaf/Src/leaf-delay.c:979:10:tAllpassDelay_getLastIn	0	static
../Core/leaf/Src/leaf-delay.c:985:6:tAllpassDelay_setGain	0	static
../Core/leaf/Src/leaf-delay.c:992:8:tAllpassDelay_getGain	0	static
../Core/leaf/Src/leaf-delay.c:1026:6:tTapeDelay_free	8	static
../Core/leaf/Src/leaf-delay.c:1034:6:tTapeDelay_clear	8	static
../Core/leaf/Src/leaf-delay.c:1045:10:tTapeDelay_tick	32	static
../Core/leaf/Src/leaf-delay.c:1077:7:tTapeDelay_incrementInPoint	0	static
../Core/leaf/Src/leaf-delay.c:1085:6:tTapeDelay_setRate	0	static
../Core/leaf/Src/leaf-delay.c:1091:10:tTapeDelay_setDelay	0	static
../Core/leaf/Src/leaf-delay.c:1004:6:tTapeDelay_initToPool	32	static
../Core/leaf/Src/leaf-delay.c:999:6:tTapeDelay_init	0	static
../Core/leaf/Src/leaf-delay.c:1097:8:tTapeDelay_tapOut	12	static
../Core/leaf/Src/leaf-delay.c:1120:6:tTapeDelay_tapIn	0	static
../Core/leaf/Src/leaf-delay.c:1132:8:tTapeDelay_addTo	0	static
../Core/leaf/Src/leaf-delay.c:1144:10:tTapeDelay_getDelay	0	static
../Core/leaf/Src/leaf-delay.c:1150:10:tTapeDelay_getLastOut	0	static
../Core/leaf/Src/leaf-delay.c:1156:10:tTapeDelay_getLastIn	0	static
../Core/leaf/Src/leaf-delay.c:1162:6:tTapeDelay_setGain	0	static
../Core/leaf/Src/leaf-delay.c:1169:8:tTapeDelay_getGain	0	static
../Core/leaf/Src/leaf-delay.c:1183:9:tRingBuffer_initToPool	24	static
../Core/leaf/Src/leaf-delay.c:1178:9:tRingBuffer_init	0	static
../Core/leaf/Src/leaf-delay.c:1198:9:tRingBuffer_free	8	static
../Core/leaf/Src/leaf-delay.c:1206:8:tRingBuffer_push	0	static
../Core/leaf/Src/leaf-delay.c:1215:10:tRingBuffer_getNewest	0	static
../Core/leaf/Src/leaf-delay.c:1222:10:tRingBuffer_getOldest	0	static
../Core/leaf/Src/leaf-delay.c:1229:10:tRingBuffer_get	0	static
../Core/leaf/Src/leaf-delay.c:1236:9:tRingBuffer_getSize	0	static
