../Core/leaf/Src/leaf-midi.c:28:9:tStack_initToPool	16	static
../Core/leaf/Src/leaf-midi.c:23:6:tStack_init	0	static
../Core/leaf/Src/leaf-midi.c:42:9:tStack_free	0	static
../Core/leaf/Src/leaf-midi.c:50:5:tStack_contains	8	static
../Core/leaf/Src/leaf-midi.c:60:6:tStack_add	16	static
../Core/leaf/Src/leaf-midi.c:94:5:tStack_addIfNotAlreadyThere	16	static
../Core/leaf/Src/leaf-midi.c:138:5:tStack_remove	24	static
../Core/leaf/Src/leaf-midi.c:175:6:tStack_setCapacity	12	static
../Core/leaf/Src/leaf-midi.c:201:5:tStack_getSize	0	static
../Core/leaf/Src/leaf-midi.c:208:6:tStack_clear	8	static
../Core/leaf/Src/leaf-midi.c:221:5:tStack_next	0	static
../Core/leaf/Src/leaf-midi.c:246:5:tStack_get	0	static
../Core/leaf/Src/leaf-midi.c:252:5:tStack_first	0	static
../Core/leaf/Src/leaf-midi.c:265:9:tPoly_initToPool	40	static
../Core/leaf/Src/leaf-midi.c:260:6:tPoly_init	0	static
../Core/leaf/Src/leaf-midi.c:312:9:tPoly_free	16	static
../Core/leaf/Src/leaf-midi.c:339:6:tPoly_tickPitchGlide	16	static
../Core/leaf/Src/leaf-midi.c:348:6:tPoly_tickPitchBend	0	static
../Core/leaf/Src/leaf-midi.c:333:6:tPoly_tickPitch	8	static
../Core/leaf/Src/leaf-midi.c:354:6:tPoly_setPitchBend	0	static
../Core/leaf/Src/leaf-midi.c:439:5:tPoly_noteOff	24	static
../Core/leaf/Src/leaf-midi.c:499:6:tPoly_orderedAddToStack	16	static
../Core/leaf/Src/leaf-midi.c:361:5:tPoly_noteOn	32	static
../Core/leaf/Src/leaf-midi.c:539:6:tPoly_setNumVoices	0	static
../Core/leaf/Src/leaf-midi.c:545:6:tPoly_setPitchGlideActive	0	static
../Core/leaf/Src/leaf-midi.c:551:6:tPoly_setPitchGlideTime	16	static
../Core/leaf/Src/leaf-midi.c:561:6:tPoly_setBendGlideTime	0	static
../Core/leaf/Src/leaf-midi.c:567:6:tPoly_setBendSamplesPerTick	0	static
../Core/leaf/Src/leaf-midi.c:573:5:tPoly_getNumVoices	0	static
../Core/leaf/Src/leaf-midi.c:579:5:tPoly_getNumActiveVoices	0	static
../Core/leaf/Src/leaf-midi.c:585:8:tPoly_getPitch	16	static
../Core/leaf/Src/leaf-midi.c:591:5:tPoly_getKey	0	static
../Core/leaf/Src/leaf-midi.c:597:5:tPoly_getVelocity	0	static
../Core/leaf/Src/leaf-midi.c:603:5:tPoly_isOn	0	static
../Core/leaf/Src/leaf-midi.c:609:6:tPoly_setSampleRate	24	static
../Core/leaf/Src/leaf-midi.c:629:9:tSimplePoly_initToPool	32	static
../Core/leaf/Src/leaf-midi.c:624:6:tSimplePoly_init	0	static
../Core/leaf/Src/leaf-midi.c:656:9:tSimplePoly_free	16	static
../Core/leaf/Src/leaf-midi.c:669:5:tSimplePoly_noteOn	24	static
../Core/leaf/Src/leaf-midi.c:748:5:tSimplePoly_noteOff	24	static
../Core/leaf/Src/leaf-midi.c:792:6:tSimplePoly_deactivateVoice	20	static
../Core/leaf/Src/leaf-midi.c:821:5:tSimplePoly_findVoiceAssignedToNote	8	static
../Core/leaf/Src/leaf-midi.c:839:5:tSimplePoly_markPendingNoteOff	16	static
../Core/leaf/Src/leaf-midi.c:862:6:tSimplePoly_setNumVoices	0	static
../Core/leaf/Src/leaf-midi.c:869:5:tSimplePoly_getNumVoices	0	static
../Core/leaf/Src/leaf-midi.c:875:5:tSimplePoly_getNumActiveVoices	0	static
../Core/leaf/Src/leaf-midi.c:882:5:tSimplePoly_getPitch	0	static
../Core/leaf/Src/leaf-midi.c:889:5:tSimplePoly_getPitchAndCheckActive	0	static
../Core/leaf/Src/leaf-midi.c:895:5:tSimplePoly_getVelocity	0	static
../Core/leaf/Src/leaf-midi.c:901:5:tSimplePoly_isOn	0	static
