../Core/leaf/Src/leaf-distortion.c:36:6:tSampleReducer_initToPool	16	static
../Core/leaf/Src/leaf-distortion.c:31:6:tSampleReducer_init	0	static
../Core/leaf/Src/leaf-distortion.c:47:6:tSampleReducer_free	0	static
../Core/leaf/Src/leaf-distortion.c:54:8:tSampleReducer_tick	0	static
../Core/leaf/Src/leaf-distortion.c:68:6:tSampleReducer_setRatio	0	static
../Core/leaf/Src/leaf-distortion.c:86:6:tOversampler_initToPool	32	static
../Core/leaf/Src/leaf-distortion.c:81:6:tOversampler_init	0	static
../Core/leaf/Src/leaf-distortion.c:110:6:tOversampler_free	8	static
../Core/leaf/Src/leaf-distortion.c:136:6:tOversampler_upsample	20	static
../Core/leaf/Src/leaf-distortion.c:239:8:tOversampler_downsample	20	static
../Core/leaf/Src/leaf-distortion.c:119:8:tOversampler_tick	32	static
../Core/leaf/Src/leaf-distortion.c:326:9:tOversampler_setRatio	16	static
../Core/leaf/Src/leaf-distortion.c:344:9:tOversampler_setQuality	16	static
../Core/leaf/Src/leaf-distortion.c:361:5:tOversampler_getLatency	0	static
../Core/leaf/Src/leaf-distortion.c:377:6:tWavefolder_initToPool	40	static
../Core/leaf/Src/leaf-distortion.c:372:6:tWavefolder_init	0	static
../Core/leaf/Src/leaf-distortion.c:392:6:tWavefolder_free	0	static
../Core/leaf/Src/leaf-distortion.c:399:6:tWavefolder_setFFAmount	0	static
../Core/leaf/Src/leaf-distortion.c:404:6:tWavefolder_setFBAmount	0	static
../Core/leaf/Src/leaf-distortion.c:412:6:tWavefolder_setFoldDepth	0	static
../Core/leaf/Src/leaf-distortion.c:418:6:tWavefolder_setOffset	0	static
../Core/leaf/Src/leaf-distortion.c:424:6:tWavefolder_setGain	0	static
../Core/leaf/Src/leaf-distortion.c:430:8:tWavefolder_tick	24	static
../Core/leaf/Src/leaf-distortion.c:490:6:tLockhartWavefolder_initToPool	16	static
../Core/leaf/Src/leaf-distortion.c:485:6:tLockhartWavefolder_init	0	static
../Core/leaf/Src/leaf-distortion.c:535:6:tLockhartWavefolder_free	0	static
../Core/leaf/Src/leaf-distortion.c:544:8:tLockhartWavefolderLambert	48	static
../Core/leaf/Src/leaf-distortion.c:627:8:tLockhartWavefolder_tick	48	static
../Core/leaf/Src/leaf-distortion.c:746:6:tCrusher_initToPool	24	static
../Core/leaf/Src/leaf-distortion.c:741:6:tCrusher_init	0	static
../Core/leaf/Src/leaf-distortion.c:760:6:tCrusher_free	8	static
../Core/leaf/Src/leaf-distortion.c:768:8:tCrusher_tick	8	static
../Core/leaf/Src/leaf-distortion.c:792:9:tCrusher_setOperation	0	static
../Core/leaf/Src/leaf-distortion.c:799:9:tCrusher_setQuality	0	static
../Core/leaf/Src/leaf-distortion.c:811:9:tCrusher_setRound	0	static
../Core/leaf/Src/leaf-distortion.c:817:9:tCrusher_setSamplingRatio	0	static
